[pixinvent.com/demo/crypto-ico/html/ltr/template-counter/index.html]
[backblue.gif]
[fade.gif]
[index.html]
[pixinvent.com/demo/crypto-ico/theme-assets/images/ico/favicon.ico]
[cdnjs.cloudflare.com/ajax/libs/font-awesome/4.7.0/css/font-awesome.min.css]
[pixinvent.com/demo/crypto-ico/theme-assets/css/bootstrap.min.css]
[pixinvent.com/demo/crypto-ico/theme-assets/fonts/themify/style.min.css]
[pixinvent.com/demo/crypto-ico/theme-assets/fonts/flag-icon-css/css/flag-icon.min.css]
[pixinvent.com/demo/crypto-ico/theme-assets/vendors/animate/animate.min.css]
[pixinvent.com/demo/crypto-ico/theme-assets/vendors/flipclock/flipclock.css]
[pixinvent.com/demo/crypto-ico/theme-assets/vendors/swiper/css/swiper.min.css]
[pixinvent.com/demo/crypto-ico/theme-assets/css/demo.min.css]
[pixinvent.com/demo/crypto-ico/theme-assets/css/template-counter.min.css]
[pixinvent.com/demo/crypto-ico/assets/css/style.css]
[pixinvent.com/demo/crypto-ico/theme-assets/images-counter/loader-logo.png]
[pixinvent.com/demo/crypto-ico/theme-assets/images-counter/logo.png]
[pixinvent.com/demo/crypto-ico/html/ltr/template-counter/template-404.html]
[pixinvent.com/demo/crypto-ico/html/ltr/template-counter/template-inner-page-with-sidebar.html]
[pixinvent.com/demo/crypto-ico/theme-assets/images-counter/icon-bitcoin.png]
[pixinvent.com/demo/crypto-ico/theme-assets/images-counter/icon-eth.png]
[pixinvent.com/demo/crypto-ico/theme-assets/images-counter/icon-visa.png]
[pixinvent.com/demo/crypto-ico/theme-assets/images-counter/icon-maestro.png]
[pixinvent.com/demo/crypto-ico/theme-assets/images-counter/logo-big.png]
[pixinvent.com/demo/crypto-ico/theme-assets/images-counter/icon-arrow.png]
[pixinvent.com/demo/crypto-ico/theme-assets/images-counter/ico-track.png]
[pixinvent.com/demo/crypto-ico/theme-assets/images-counter/ico-bench.png]
[pixinvent.com/demo/crypto-ico/theme-assets/images-counter/ico-ranker.png]
[pixinvent.com/demo/crypto-ico/theme-assets/images-counter/ico-bazaar.png]
[pixinvent.com/demo/crypto-ico/theme-assets/images-counter/what-is-crypto.png]
[pixinvent.com/demo/crypto-ico/theme-assets/images-counter/problems-graphic.png]
[pixinvent.com/demo/crypto-ico/theme-assets/images-counter/solutions-graphic.png]
[pixinvent.com/demo/crypto-ico/theme-assets/images-counter/whitepaper.png]
[pixinvent.com/demo/crypto-ico/theme-assets/images-counter/flag-1.png]
[pixinvent.com/demo/crypto-ico/theme-assets/images-counter/flag-2.png]
[pixinvent.com/demo/crypto-ico/theme-assets/images-counter/flag-3.png]
[pixinvent.com/demo/crypto-ico/theme-assets/images-counter/flag-4.png]
[pixinvent.com/demo/crypto-ico/theme-assets/images-counter/chart.png]
[pixinvent.com/demo/crypto-ico/theme-assets/images-counter/user-9.png]
[pixinvent.com/demo/crypto-ico/theme-assets/images-counter/user-6.png]
[pixinvent.com/demo/crypto-ico/theme-assets/images-counter/user-2.png]
[pixinvent.com/demo/crypto-ico/theme-assets/images-counter/user-10.png]
[pixinvent.com/demo/crypto-ico/theme-assets/images-counter/user-4.png]
[pixinvent.com/demo/crypto-ico/theme-assets/images-counter/user-13.png]
[pixinvent.com/demo/crypto-ico/theme-assets/images-counter/user-1.png]
[pixinvent.com/demo/crypto-ico/theme-assets/images-counter/company-logo-1.png]
[pixinvent.com/demo/crypto-ico/theme-assets/images-counter/user-8.png]
[pixinvent.com/demo/crypto-ico/theme-assets/images-counter/company-logo-2.png]
[pixinvent.com/demo/crypto-ico/theme-assets/images-counter/user-3.png]
[pixinvent.com/demo/crypto-ico/theme-assets/images-counter/company-logo-3.png]
[pixinvent.com/demo/crypto-ico/theme-assets/images-counter/user-11.png]
[pixinvent.com/demo/crypto-ico/theme-assets/images-counter/company-logo-4.png]
[pixinvent.com/demo/crypto-ico/theme-assets/images-counter/user-7.png]
[pixinvent.com/demo/crypto-ico/theme-assets/images-counter/company-logo-5.png]
[pixinvent.com/demo/crypto-ico/theme-assets/images-counter/user-12.png]
[pixinvent.com/demo/crypto-ico/theme-assets/images-counter/blog-1.png]
[pixinvent.com/demo/crypto-ico/html/ltr/template-counter/template-blog-detail.html]
[pixinvent.com/demo/crypto-ico/theme-assets/images-counter/blog-3.png]
[pixinvent.com/demo/crypto-ico/theme-assets/images-counter/blog-2.png]
[pixinvent.com/demo/crypto-ico/theme-assets/images-counter/blog-4.png]
[pixinvent.com/demo/crypto-ico/theme-assets/images-counter/user-9-lg.jpg]
[pixinvent.com/demo/crypto-ico/theme-assets/images-counter/user-6-lg.jpg]
[pixinvent.com/demo/crypto-ico/theme-assets/images-counter/user-2-lg.jpg]
[pixinvent.com/demo/crypto-ico/theme-assets/images-counter/user-10-lg.jpg]
[pixinvent.com/demo/crypto-ico/theme-assets/images-counter/user-4-lg.jpg]
[pixinvent.com/demo/crypto-ico/theme-assets/images-counter/user-13-lg.jpg]
[pixinvent.com/demo/crypto-ico/theme-assets/images-counter/user-1-lg.jpg]
[pixinvent.com/demo/crypto-ico/theme-assets/images-counter/user-8-lg.jpg]
[pixinvent.com/demo/crypto-ico/theme-assets/images-counter/user-3-lg.jpg]
[pixinvent.com/demo/crypto-ico/theme-assets/images-counter/user-11-lg.jpg]
[pixinvent.com/demo/crypto-ico/theme-assets/images-counter/user-7-lg.jpg]
[pixinvent.com/demo/crypto-ico/theme-assets/images-counter/user-12-lg.jpg]
[pixinvent.com/demo/crypto-ico/images/demo/offer-banner.jpg]
[pixinvent.com/demo/crypto-ico/images/demo/template-counter.jpg]
[pixinvent.com/demo/crypto-ico/html/ltr/template-counter/template-counter-ripple.html]
[pixinvent.com/demo/crypto-ico/html/ltr/template-counter/index-2.html]
[pixinvent.com/demo/crypto-ico/html/ltr/template-counter/template-counter-particle.html]
[pixinvent.com/demo/crypto-ico/html/ltr/template-counter/template-counter-classic.html]
[pixinvent.com/demo/crypto-ico/images/demo/template-3d-graphics.jpg]
[pixinvent.com/demo/crypto-ico/images/demo/template-3d-animation.jpg]
[pixinvent.com/demo/crypto-ico/images/demo/template-intro-video.jpg]
[pixinvent.com/demo/crypto-ico/theme-assets/vendors/vendors.min.js]
[pixinvent.com/demo/crypto-ico/theme-assets/vendors/flipclock/flipclock.min.js]
[pixinvent.com/demo/crypto-ico/theme-assets/vendors/swiper/js/swiper.min.js]
[pixinvent.com/demo/crypto-ico/theme-assets/vendors/waypoints/jquery.waypoints.min.js]
[pixinvent.com/demo/crypto-ico/theme-assets/js/theme.min.js]
[pixinvent.com/demo/crypto-ico/theme-assets/js/sales-notification.js]
[pixinvent.com/demo/crypto-ico/html/ltr/template-counter/index.html]
[pixinvent.com/demo/crypto-ico/theme-assets/js/scripts/demo.min.js]
[fonts.googleapis.com/css1668.css]
[pixinvent.com/demo/crypto-ico/theme-assets/images/error.png]
[pixinvent.com/demo/crypto-ico/theme-assets/vendors/particles.min.js]
[pixinvent.com/demo/crypto-ico/html/ltr/template-counter/template-404.html]
[pixinvent.com/demo/crypto-ico/theme-assets/js/scripts/particles-type2.min.js]
[pixinvent.com/demo/crypto-ico/theme-assets/images-counter/our-coin.png]
[pixinvent.com/demo/crypto-ico/theme-assets/images-counter/bitcoin-banner.jpg]
[pixinvent.com/demo/crypto-ico/html/ltr/template-counter/template-blog.html]
[pixinvent.com/demo/crypto-ico/theme-assets/images-counter/post-1.png]
[pixinvent.com/demo/crypto-ico/theme-assets/images-counter/post-2.png]
[pixinvent.com/demo/crypto-ico/theme-assets/images-counter/post-3.png]
[pixinvent.com/demo/crypto-ico/html/ltr/template-counter/template-inner-page-with-sidebar.html]
[pixinvent.com/demo/crypto-ico/theme-assets/images/blockchain.png]
[pixinvent.com/demo/crypto-ico/theme-assets/images/user-1.png]
[pixinvent.com/demo/crypto-ico/theme-assets/images/user-2.png]
[pixinvent.com/demo/crypto-ico/theme-assets/images/post-1.png]
[pixinvent.com/demo/crypto-ico/theme-assets/images/post-2.png]
[pixinvent.com/demo/crypto-ico/theme-assets/images/post-3.png]
[pixinvent.com/demo/crypto-ico/html/ltr/template-counter/template-blog-detail.html]
[pixinvent.com/demo/crypto-ico/html/ltr/template-counter/index-2.html]
[pixinvent.com/demo/crypto-ico/html/ltr/template-counter/template-counter-ripple.html]
[pixinvent.com/demo/crypto-ico/html/ltr/template-counter/template-counter-particle.html]
[pixinvent.com/demo/crypto-ico/html/ltr/template-counter/template-counter-classic.html]
[pixinvent.com/demo/crypto-ico/theme-assets/images/blog-banner-1.png]
[pixinvent.com/demo/crypto-ico/theme-assets/images/blog-banner-2.png]
[pixinvent.com/demo/crypto-ico/theme-assets/images/blog-banner-3.png]
[pixinvent.com/demo/crypto-ico/theme-assets/images/blog-banner-4.png]
[pixinvent.com/demo/crypto-ico/html/ltr/template-counter/template-blog.html]
[pixinvent.com/demo/crypto-ico/theme-assets/images/ico/apple-icon-120.html]
[pixinvent.com/demo/crypto-ico/theme-assets/images-counter/user-10.png]
[pixinvent.com/demo/crypto-ico/theme-assets/images-counter/user-13.png]
[pixinvent.com/demo/crypto-ico/theme-assets/images/ico/favicon.ico]
[pixinvent.com/demo/crypto-ico/theme-assets/images-counter/user-8.png]
[cdnjs.cloudflare.com/ajax/libs/font-awesome/4.7.0/fonts/fontawesome-webfont3e6e.svg]
[cdnjs.cloudflare.com/ajax/libs/font-awesome/4.7.0/css/font-awesome.min.css]
[pixinvent.com/demo/crypto-ico/theme-assets/images-counter/user-11.png]
[pixinvent.com/demo/crypto-ico/theme-assets/images-counter/user-12.png]
[pixinvent.com/demo/crypto-ico/theme-assets/images-counter/blog-1.png]
[pixinvent.com/demo/crypto-ico/theme-assets/css/bootstrap.min.css]
[pixinvent.com/demo/crypto-ico/theme-assets/images-counter/blog-2.png]
[pixinvent.com/demo/crypto-ico/theme-assets/images-counter/blog-4.png]
[pixinvent.com/demo/crypto-ico/theme-assets/images-counter/user-9-lg.jpg]
[pixinvent.com/demo/crypto-ico/theme-assets/images-counter/user-3-lg.jpg]
[pixinvent.com/demo/crypto-ico/theme-assets/images-counter/user-12-lg.jpg]
[pixinvent.com/demo/crypto-ico/images/demo/template-counter.jpg]
[pixinvent.com/demo/crypto-ico/images/demo/offer-banner.jpg]
[pixinvent.com/demo/crypto-ico/theme-assets/fonts/themify/fonts/themify9f24.eot]
[pixinvent.com/demo/crypto-ico/theme-assets/fonts/themify/fonts/themifyd41d.eot]
[pixinvent.com/demo/crypto-ico/images/demo/template-intro-video.jpg]
[pixinvent.com/demo/crypto-ico/images/demo/template-3d-graphics.jpg]
[pixinvent.com/demo/crypto-ico/images/demo/template-3d-animation.jpg]
[pixinvent.com/demo/crypto-ico/theme-assets/fonts/themify/fonts/themify9f24.woff]
[pixinvent.com/demo/crypto-ico/theme-assets/fonts/themify/fonts/themify9f24.ttf]
[pixinvent.com/demo/crypto-ico/theme-assets/vendors/swiper/js/swiper.min.js]
[pixinvent.com/demo/crypto-ico/theme-assets/vendors/vendors.min.js]
[pixinvent.com/demo/crypto-ico/theme-assets/vendors/flipclock/flipclock.min.js]
[pixinvent.com/demo/crypto-ico/theme-assets/fonts/themify/fonts/themify9f24.svg]
[pixinvent.com/demo/crypto-ico/theme-assets/fonts/themify/style.min.css]
[pixinvent.com/demo/crypto-ico/theme-assets/js/theme.min.js]
[pixinvent.com/demo/crypto-ico/theme-assets/js/sales-notification.js]
[pixinvent.com/demo/crypto-ico/theme-assets/vendors/waypoints/jquery.waypoints.min.js]
[pixinvent.com/demo/crypto-ico/theme-assets/js/scripts/demo.min.js]
[pixinvent.com/demo/crypto-ico/theme-assets/js/scripts/particles-type2.min.js]
[pixinvent.com/demo/crypto-ico/theme-assets/vendors/particles.min.js]
[pixinvent.com/demo/crypto-ico/theme-assets/fonts/flag-icon-css/flags/4x3/ad.svg]
[pixinvent.com/demo/crypto-ico/theme-assets/images-counter/bitcoin-banner.jpg]
[pixinvent.com/demo/crypto-ico/theme-assets/images/user-1.png]
[pixinvent.com/demo/crypto-ico/theme-assets/images/blockchain.png]
[pixinvent.com/demo/crypto-ico/theme-assets/fonts/flag-icon-css/flags/1x1/ad.svg]
[pixinvent.com/demo/crypto-ico/theme-assets/fonts/flag-icon-css/flags/4x3/ae.svg]
[pixinvent.com/demo/crypto-ico/theme-assets/images/blog-banner-1.png]
[pixinvent.com/demo/crypto-ico/theme-assets/images/blog-banner-2.png]
[pixinvent.com/demo/crypto-ico/theme-assets/images/blog-banner-3.png]
[pixinvent.com/demo/crypto-ico/theme-assets/images/blog-banner-4.png]
[pixinvent.com/demo/crypto-ico/theme-assets/fonts/themify/fonts/themify9f24.woff]
[pixinvent.com/demo/crypto-ico/theme-assets/fonts/themify/fonts/themify9f24.eot]
[pixinvent.com/demo/crypto-ico/theme-assets/fonts/themify/fonts/themifyd41d.eot]
[pixinvent.com/demo/crypto-ico/theme-assets/fonts/flag-icon-css/flags/1x1/ae.svg]
[pixinvent.com/demo/crypto-ico/theme-assets/fonts/flag-icon-css/flags/4x3/af.svg]
[pixinvent.com/demo/crypto-ico/theme-assets/fonts/themify/fonts/themify9f24.ttf]
[pixinvent.com/demo/crypto-ico/theme-assets/fonts/flag-icon-css/flags/1x1/af.svg]
[pixinvent.com/demo/crypto-ico/theme-assets/fonts/flag-icon-css/flags/4x3/ag.svg]
[pixinvent.com/demo/crypto-ico/theme-assets/fonts/flag-icon-css/flags/1x1/ag.svg]
[pixinvent.com/demo/crypto-ico/theme-assets/fonts/flag-icon-css/flags/4x3/ai.svg]
[pixinvent.com/demo/crypto-ico/theme-assets/fonts/flag-icon-css/flags/1x1/ai.svg]
[pixinvent.com/demo/crypto-ico/theme-assets/fonts/flag-icon-css/flags/4x3/al.svg]
[pixinvent.com/demo/crypto-ico/theme-assets/fonts/flag-icon-css/flags/1x1/al.svg]
[pixinvent.com/demo/crypto-ico/theme-assets/fonts/flag-icon-css/flags/4x3/am.svg]
[pixinvent.com/demo/crypto-ico/theme-assets/fonts/flag-icon-css/flags/1x1/am.svg]
[pixinvent.com/demo/crypto-ico/theme-assets/fonts/flag-icon-css/flags/4x3/ao.svg]
[pixinvent.com/demo/crypto-ico/theme-assets/fonts/flag-icon-css/flags/1x1/ao.svg]
[pixinvent.com/demo/crypto-ico/theme-assets/fonts/flag-icon-css/flags/4x3/aq.svg]
[pixinvent.com/demo/crypto-ico/theme-assets/fonts/flag-icon-css/flags/1x1/aq.svg]
[pixinvent.com/demo/crypto-ico/theme-assets/fonts/flag-icon-css/flags/4x3/ar.svg]
[pixinvent.com/demo/crypto-ico/theme-assets/fonts/flag-icon-css/flags/1x1/ar.svg]
[pixinvent.com/demo/crypto-ico/theme-assets/fonts/flag-icon-css/flags/4x3/as.svg]
[pixinvent.com/demo/crypto-ico/theme-assets/fonts/flag-icon-css/flags/1x1/as.svg]
[pixinvent.com/demo/crypto-ico/theme-assets/fonts/flag-icon-css/flags/4x3/at.svg]
[pixinvent.com/demo/crypto-ico/theme-assets/fonts/flag-icon-css/flags/1x1/at.svg]
[pixinvent.com/demo/crypto-ico/theme-assets/fonts/flag-icon-css/flags/4x3/au.svg]
[pixinvent.com/demo/crypto-ico/theme-assets/fonts/flag-icon-css/flags/1x1/au.svg]
[pixinvent.com/demo/crypto-ico/theme-assets/fonts/flag-icon-css/flags/4x3/aw.svg]
[pixinvent.com/demo/crypto-ico/theme-assets/fonts/flag-icon-css/flags/1x1/aw.svg]
[pixinvent.com/demo/crypto-ico/theme-assets/fonts/flag-icon-css/flags/4x3/ax.svg]
[pixinvent.com/demo/crypto-ico/theme-assets/fonts/flag-icon-css/flags/1x1/ax.svg]
[pixinvent.com/demo/crypto-ico/theme-assets/fonts/flag-icon-css/flags/4x3/az.svg]
[pixinvent.com/demo/crypto-ico/theme-assets/fonts/flag-icon-css/flags/1x1/az.svg]
[pixinvent.com/demo/crypto-ico/theme-assets/fonts/flag-icon-css/flags/4x3/ba.svg]
[pixinvent.com/demo/crypto-ico/theme-assets/fonts/flag-icon-css/flags/1x1/ba.svg]
[pixinvent.com/demo/crypto-ico/theme-assets/fonts/flag-icon-css/flags/4x3/bb.svg]
[pixinvent.com/demo/crypto-ico/theme-assets/fonts/flag-icon-css/flags/1x1/bb.svg]
[pixinvent.com/demo/crypto-ico/theme-assets/fonts/flag-icon-css/flags/4x3/bd.svg]
[pixinvent.com/demo/crypto-ico/theme-assets/fonts/flag-icon-css/flags/1x1/bd.svg]
[pixinvent.com/demo/crypto-ico/theme-assets/fonts/flag-icon-css/flags/4x3/be.svg]
[pixinvent.com/demo/crypto-ico/theme-assets/fonts/flag-icon-css/flags/1x1/be.svg]
[pixinvent.com/demo/crypto-ico/theme-assets/fonts/flag-icon-css/flags/4x3/bf.svg]
[pixinvent.com/demo/crypto-ico/theme-assets/fonts/flag-icon-css/flags/1x1/bf.svg]
[pixinvent.com/demo/crypto-ico/theme-assets/fonts/flag-icon-css/flags/4x3/bg.svg]
[pixinvent.com/demo/crypto-ico/theme-assets/fonts/flag-icon-css/flags/1x1/bg.svg]
[pixinvent.com/demo/crypto-ico/theme-assets/fonts/flag-icon-css/flags/4x3/bh.svg]
[pixinvent.com/demo/crypto-ico/theme-assets/fonts/flag-icon-css/flags/1x1/bh.svg]
[pixinvent.com/demo/crypto-ico/theme-assets/fonts/flag-icon-css/flags/4x3/bi.svg]
[pixinvent.com/demo/crypto-ico/theme-assets/fonts/flag-icon-css/flags/1x1/bi.svg]
[pixinvent.com/demo/crypto-ico/theme-assets/fonts/flag-icon-css/flags/4x3/bj.svg]
[pixinvent.com/demo/crypto-ico/theme-assets/fonts/flag-icon-css/flags/1x1/bj.svg]
[pixinvent.com/demo/crypto-ico/theme-assets/fonts/flag-icon-css/flags/4x3/bl.svg]
[pixinvent.com/demo/crypto-ico/theme-assets/fonts/flag-icon-css/flags/1x1/bl.svg]
[pixinvent.com/demo/crypto-ico/theme-assets/fonts/flag-icon-css/flags/4x3/bm.svg]
[pixinvent.com/demo/crypto-ico/theme-assets/fonts/flag-icon-css/flags/1x1/bm.svg]
[pixinvent.com/demo/crypto-ico/theme-assets/fonts/flag-icon-css/flags/4x3/bn.svg]
[pixinvent.com/demo/crypto-ico/theme-assets/fonts/flag-icon-css/flags/1x1/bn.svg]
[pixinvent.com/demo/crypto-ico/theme-assets/fonts/flag-icon-css/flags/4x3/bo.svg]
[pixinvent.com/demo/crypto-ico/theme-assets/fonts/flag-icon-css/flags/1x1/bo.svg]
[pixinvent.com/demo/crypto-ico/theme-assets/fonts/flag-icon-css/flags/4x3/bq.svg]
[pixinvent.com/demo/crypto-ico/theme-assets/fonts/flag-icon-css/flags/1x1/bq.svg]
[pixinvent.com/demo/crypto-ico/theme-assets/fonts/flag-icon-css/flags/4x3/br.svg]
[pixinvent.com/demo/crypto-ico/theme-assets/fonts/flag-icon-css/flags/1x1/br.svg]
[pixinvent.com/demo/crypto-ico/theme-assets/fonts/flag-icon-css/flags/4x3/bs.svg]
[pixinvent.com/demo/crypto-ico/theme-assets/fonts/flag-icon-css/flags/1x1/bs.svg]
[pixinvent.com/demo/crypto-ico/theme-assets/fonts/flag-icon-css/flags/4x3/bt.svg]
[pixinvent.com/demo/crypto-ico/theme-assets/fonts/flag-icon-css/flags/1x1/bt.svg]
[pixinvent.com/demo/crypto-ico/theme-assets/fonts/flag-icon-css/flags/4x3/bv.svg]
[pixinvent.com/demo/crypto-ico/theme-assets/fonts/flag-icon-css/flags/1x1/bv.svg]
[pixinvent.com/demo/crypto-ico/theme-assets/fonts/flag-icon-css/flags/4x3/bw.svg]
[pixinvent.com/demo/crypto-ico/theme-assets/fonts/flag-icon-css/flags/1x1/bw.svg]
[pixinvent.com/demo/crypto-ico/theme-assets/fonts/flag-icon-css/flags/4x3/by.svg]
[pixinvent.com/demo/crypto-ico/theme-assets/fonts/flag-icon-css/flags/1x1/by.svg]
[pixinvent.com/demo/crypto-ico/theme-assets/fonts/flag-icon-css/flags/4x3/bz.svg]
[pixinvent.com/demo/crypto-ico/theme-assets/fonts/flag-icon-css/flags/1x1/bz.svg]
[pixinvent.com/demo/crypto-ico/theme-assets/fonts/flag-icon-css/flags/4x3/ca.svg]
[pixinvent.com/demo/crypto-ico/theme-assets/fonts/flag-icon-css/flags/1x1/ca.svg]
[pixinvent.com/demo/crypto-ico/theme-assets/fonts/flag-icon-css/flags/4x3/cc.svg]
[pixinvent.com/demo/crypto-ico/theme-assets/fonts/flag-icon-css/flags/1x1/cc.svg]
[pixinvent.com/demo/crypto-ico/theme-assets/fonts/flag-icon-css/flags/4x3/cd.svg]
[pixinvent.com/demo/crypto-ico/theme-assets/fonts/flag-icon-css/flags/1x1/cd.svg]
[pixinvent.com/demo/crypto-ico/theme-assets/fonts/flag-icon-css/flags/4x3/cf.svg]
[pixinvent.com/demo/crypto-ico/theme-assets/fonts/flag-icon-css/flags/1x1/cf.svg]
[pixinvent.com/demo/crypto-ico/theme-assets/fonts/flag-icon-css/flags/4x3/cg.svg]
[pixinvent.com/demo/crypto-ico/theme-assets/fonts/flag-icon-css/flags/1x1/cg.svg]
[pixinvent.com/demo/crypto-ico/theme-assets/fonts/flag-icon-css/flags/4x3/ch.svg]
[pixinvent.com/demo/crypto-ico/theme-assets/fonts/flag-icon-css/flags/1x1/ch.svg]
[pixinvent.com/demo/crypto-ico/theme-assets/fonts/flag-icon-css/flags/4x3/ci.svg]
[pixinvent.com/demo/crypto-ico/theme-assets/fonts/flag-icon-css/flags/1x1/ci.svg]
[pixinvent.com/demo/crypto-ico/theme-assets/fonts/flag-icon-css/flags/4x3/ck.svg]
[pixinvent.com/demo/crypto-ico/theme-assets/fonts/flag-icon-css/flags/1x1/ck.svg]
[pixinvent.com/demo/crypto-ico/theme-assets/fonts/flag-icon-css/flags/4x3/cl.svg]
[pixinvent.com/demo/crypto-ico/theme-assets/fonts/flag-icon-css/flags/1x1/cl.svg]
[pixinvent.com/demo/crypto-ico/theme-assets/fonts/flag-icon-css/flags/4x3/cm.svg]
[pixinvent.com/demo/crypto-ico/theme-assets/fonts/flag-icon-css/flags/1x1/cm.svg]
[pixinvent.com/demo/crypto-ico/theme-assets/fonts/flag-icon-css/flags/4x3/cn.svg]
[pixinvent.com/demo/crypto-ico/theme-assets/fonts/flag-icon-css/flags/1x1/cn.svg]
[pixinvent.com/demo/crypto-ico/theme-assets/fonts/flag-icon-css/flags/4x3/co.svg]
[pixinvent.com/demo/crypto-ico/theme-assets/fonts/flag-icon-css/flags/1x1/co.svg]
[pixinvent.com/demo/crypto-ico/theme-assets/fonts/flag-icon-css/flags/4x3/cr.svg]
[pixinvent.com/demo/crypto-ico/theme-assets/fonts/flag-icon-css/flags/1x1/cr.svg]
[pixinvent.com/demo/crypto-ico/theme-assets/fonts/flag-icon-css/flags/4x3/cu.svg]
[pixinvent.com/demo/crypto-ico/theme-assets/fonts/flag-icon-css/flags/1x1/cu.svg]
[pixinvent.com/demo/crypto-ico/theme-assets/fonts/flag-icon-css/flags/4x3/cv.svg]
[pixinvent.com/demo/crypto-ico/theme-assets/fonts/flag-icon-css/flags/1x1/cv.svg]
[pixinvent.com/demo/crypto-ico/theme-assets/fonts/flag-icon-css/flags/4x3/cw.svg]
[pixinvent.com/demo/crypto-ico/theme-assets/fonts/flag-icon-css/flags/1x1/cw.svg]
[pixinvent.com/demo/crypto-ico/theme-assets/fonts/flag-icon-css/flags/4x3/cx.svg]
[pixinvent.com/demo/crypto-ico/theme-assets/fonts/flag-icon-css/flags/1x1/cx.svg]
[pixinvent.com/demo/crypto-ico/theme-assets/fonts/flag-icon-css/flags/4x3/cy.svg]
[pixinvent.com/demo/crypto-ico/theme-assets/fonts/flag-icon-css/flags/1x1/cy.svg]
[pixinvent.com/demo/crypto-ico/theme-assets/fonts/flag-icon-css/flags/4x3/cz.svg]
[pixinvent.com/demo/crypto-ico/theme-assets/fonts/flag-icon-css/flags/1x1/cz.svg]
[pixinvent.com/demo/crypto-ico/theme-assets/fonts/flag-icon-css/flags/4x3/de.svg]
[pixinvent.com/demo/crypto-ico/theme-assets/fonts/flag-icon-css/flags/1x1/de.svg]
[pixinvent.com/demo/crypto-ico/theme-assets/fonts/flag-icon-css/flags/4x3/dj.svg]
[pixinvent.com/demo/crypto-ico/theme-assets/fonts/flag-icon-css/flags/1x1/dj.svg]
[pixinvent.com/demo/crypto-ico/theme-assets/fonts/flag-icon-css/flags/4x3/dm.svg]
[pixinvent.com/demo/crypto-ico/theme-assets/fonts/flag-icon-css/flags/1x1/dm.svg]
[pixinvent.com/demo/crypto-ico/theme-assets/fonts/flag-icon-css/flags/4x3/do.svg]
[pixinvent.com/demo/crypto-ico/theme-assets/fonts/flag-icon-css/flags/1x1/do.svg]
[pixinvent.com/demo/crypto-ico/theme-assets/fonts/flag-icon-css/flags/4x3/dz.svg]
[pixinvent.com/demo/crypto-ico/theme-assets/fonts/flag-icon-css/flags/1x1/dz.svg]
[pixinvent.com/demo/crypto-ico/theme-assets/fonts/flag-icon-css/flags/4x3/ec.svg]
[pixinvent.com/demo/crypto-ico/theme-assets/fonts/flag-icon-css/flags/1x1/ec.svg]
[pixinvent.com/demo/crypto-ico/theme-assets/fonts/flag-icon-css/flags/4x3/ee.svg]
[pixinvent.com/demo/crypto-ico/theme-assets/fonts/flag-icon-css/flags/1x1/ee.svg]
[pixinvent.com/demo/crypto-ico/theme-assets/fonts/flag-icon-css/flags/4x3/eg.svg]
[pixinvent.com/demo/crypto-ico/theme-assets/fonts/flag-icon-css/flags/1x1/eg.svg]
[pixinvent.com/demo/crypto-ico/theme-assets/fonts/flag-icon-css/flags/4x3/eh.svg]
[pixinvent.com/demo/crypto-ico/theme-assets/fonts/flag-icon-css/flags/1x1/eh.svg]
[pixinvent.com/demo/crypto-ico/theme-assets/fonts/flag-icon-css/flags/4x3/er.svg]
[pixinvent.com/demo/crypto-ico/theme-assets/fonts/flag-icon-css/flags/1x1/er.svg]
[pixinvent.com/demo/crypto-ico/theme-assets/fonts/flag-icon-css/flags/4x3/es.svg]
[pixinvent.com/demo/crypto-ico/theme-assets/fonts/flag-icon-css/flags/1x1/es.svg]
[pixinvent.com/demo/crypto-ico/theme-assets/fonts/flag-icon-css/flags/4x3/et.svg]
[pixinvent.com/demo/crypto-ico/theme-assets/fonts/flag-icon-css/flags/1x1/et.svg]
[pixinvent.com/demo/crypto-ico/theme-assets/fonts/flag-icon-css/flags/4x3/fi.svg]
[pixinvent.com/demo/crypto-ico/theme-assets/fonts/flag-icon-css/flags/1x1/fi.svg]
[pixinvent.com/demo/crypto-ico/theme-assets/fonts/flag-icon-css/flags/4x3/fj.svg]
[pixinvent.com/demo/crypto-ico/theme-assets/fonts/flag-icon-css/flags/1x1/fj.svg]
[pixinvent.com/demo/crypto-ico/theme-assets/fonts/flag-icon-css/flags/4x3/fk.svg]
[pixinvent.com/demo/crypto-ico/theme-assets/fonts/flag-icon-css/flags/1x1/fk.svg]
[pixinvent.com/demo/crypto-ico/theme-assets/fonts/flag-icon-css/flags/4x3/fm.svg]
[pixinvent.com/demo/crypto-ico/theme-assets/fonts/flag-icon-css/flags/1x1/fm.svg]
[pixinvent.com/demo/crypto-ico/theme-assets/fonts/flag-icon-css/flags/4x3/fo.svg]
[pixinvent.com/demo/crypto-ico/theme-assets/fonts/flag-icon-css/flags/1x1/fo.svg]
[pixinvent.com/demo/crypto-ico/theme-assets/fonts/flag-icon-css/flags/4x3/fr.svg]
[pixinvent.com/demo/crypto-ico/theme-assets/fonts/flag-icon-css/flags/1x1/fr.svg]
[pixinvent.com/demo/crypto-ico/theme-assets/fonts/flag-icon-css/flags/4x3/ga.svg]
[pixinvent.com/demo/crypto-ico/theme-assets/fonts/flag-icon-css/flags/1x1/ga.svg]
[pixinvent.com/demo/crypto-ico/theme-assets/fonts/flag-icon-css/flags/4x3/gb.svg]
[pixinvent.com/demo/crypto-ico/theme-assets/fonts/flag-icon-css/flags/1x1/gb.svg]
[pixinvent.com/demo/crypto-ico/theme-assets/fonts/flag-icon-css/flags/4x3/gd.svg]
[pixinvent.com/demo/crypto-ico/theme-assets/fonts/flag-icon-css/flags/1x1/gd.svg]
[pixinvent.com/demo/crypto-ico/theme-assets/fonts/flag-icon-css/flags/4x3/ge.svg]
[pixinvent.com/demo/crypto-ico/theme-assets/fonts/flag-icon-css/flags/1x1/ge.svg]
[pixinvent.com/demo/crypto-ico/theme-assets/fonts/flag-icon-css/flags/4x3/gf.svg]
[pixinvent.com/demo/crypto-ico/theme-assets/fonts/flag-icon-css/flags/1x1/gf.svg]
[pixinvent.com/demo/crypto-ico/theme-assets/fonts/flag-icon-css/flags/4x3/gg.svg]
[pixinvent.com/demo/crypto-ico/theme-assets/fonts/flag-icon-css/flags/1x1/gg.svg]
[pixinvent.com/demo/crypto-ico/theme-assets/fonts/flag-icon-css/flags/4x3/gh.svg]
[pixinvent.com/demo/crypto-ico/theme-assets/fonts/flag-icon-css/flags/1x1/gh.svg]
[pixinvent.com/demo/crypto-ico/theme-assets/fonts/flag-icon-css/flags/4x3/gi.svg]
[pixinvent.com/demo/crypto-ico/theme-assets/fonts/flag-icon-css/flags/1x1/gi.svg]
[pixinvent.com/demo/crypto-ico/theme-assets/fonts/flag-icon-css/flags/4x3/gl.svg]
[pixinvent.com/demo/crypto-ico/theme-assets/fonts/flag-icon-css/flags/1x1/gl.svg]
[pixinvent.com/demo/crypto-ico/theme-assets/fonts/flag-icon-css/flags/4x3/gm.svg]
[pixinvent.com/demo/crypto-ico/theme-assets/fonts/flag-icon-css/flags/1x1/gm.svg]
[pixinvent.com/demo/crypto-ico/theme-assets/fonts/flag-icon-css/flags/4x3/gn.svg]
[pixinvent.com/demo/crypto-ico/theme-assets/fonts/flag-icon-css/flags/1x1/gn.svg]
[pixinvent.com/demo/crypto-ico/theme-assets/fonts/flag-icon-css/flags/4x3/gp.svg]
[pixinvent.com/demo/crypto-ico/theme-assets/fonts/flag-icon-css/flags/1x1/gp.svg]
[pixinvent.com/demo/crypto-ico/theme-assets/fonts/flag-icon-css/flags/4x3/gq.svg]
[pixinvent.com/demo/crypto-ico/theme-assets/fonts/flag-icon-css/flags/1x1/gq.svg]
[pixinvent.com/demo/crypto-ico/theme-assets/fonts/flag-icon-css/flags/4x3/gr.svg]
[pixinvent.com/demo/crypto-ico/theme-assets/fonts/flag-icon-css/flags/1x1/gr.svg]
[pixinvent.com/demo/crypto-ico/theme-assets/fonts/flag-icon-css/flags/4x3/gs.svg]
[pixinvent.com/demo/crypto-ico/theme-assets/fonts/flag-icon-css/flags/1x1/gs.svg]
[pixinvent.com/demo/crypto-ico/theme-assets/fonts/flag-icon-css/flags/4x3/gt.svg]
[pixinvent.com/demo/crypto-ico/theme-assets/fonts/flag-icon-css/flags/1x1/gt.svg]
[pixinvent.com/demo/crypto-ico/theme-assets/fonts/flag-icon-css/flags/4x3/gu.svg]
[pixinvent.com/demo/crypto-ico/theme-assets/fonts/flag-icon-css/flags/1x1/gu.svg]
[pixinvent.com/demo/crypto-ico/theme-assets/fonts/flag-icon-css/flags/4x3/gw.svg]
[pixinvent.com/demo/crypto-ico/theme-assets/fonts/flag-icon-css/flags/1x1/gw.svg]
[pixinvent.com/demo/crypto-ico/theme-assets/fonts/flag-icon-css/flags/4x3/gy.svg]
[pixinvent.com/demo/crypto-ico/theme-assets/fonts/flag-icon-css/flags/1x1/gy.svg]
[pixinvent.com/demo/crypto-ico/theme-assets/fonts/flag-icon-css/flags/4x3/hk.svg]
[pixinvent.com/demo/crypto-ico/theme-assets/fonts/flag-icon-css/flags/1x1/hk.svg]
[pixinvent.com/demo/crypto-ico/theme-assets/fonts/flag-icon-css/flags/4x3/hm.svg]
[pixinvent.com/demo/crypto-ico/theme-assets/fonts/flag-icon-css/flags/1x1/hm.svg]
[pixinvent.com/demo/crypto-ico/theme-assets/fonts/flag-icon-css/flags/4x3/hn.svg]
[pixinvent.com/demo/crypto-ico/theme-assets/fonts/flag-icon-css/flags/1x1/hn.svg]
[pixinvent.com/demo/crypto-ico/theme-assets/fonts/flag-icon-css/flags/4x3/hr.svg]
[pixinvent.com/demo/crypto-ico/theme-assets/fonts/flag-icon-css/flags/1x1/hr.svg]
[pixinvent.com/demo/crypto-ico/theme-assets/fonts/flag-icon-css/flags/4x3/ht.svg]
[pixinvent.com/demo/crypto-ico/theme-assets/fonts/flag-icon-css/flags/1x1/ht.svg]
[pixinvent.com/demo/crypto-ico/theme-assets/fonts/flag-icon-css/flags/4x3/hu.svg]
[pixinvent.com/demo/crypto-ico/theme-assets/fonts/flag-icon-css/flags/1x1/hu.svg]
[pixinvent.com/demo/crypto-ico/theme-assets/fonts/flag-icon-css/flags/4x3/id.svg]
[pixinvent.com/demo/crypto-ico/theme-assets/fonts/flag-icon-css/flags/1x1/id.svg]
[pixinvent.com/demo/crypto-ico/theme-assets/fonts/flag-icon-css/flags/4x3/ie.svg]
[pixinvent.com/demo/crypto-ico/theme-assets/fonts/flag-icon-css/flags/1x1/ie.svg]
[pixinvent.com/demo/crypto-ico/theme-assets/fonts/flag-icon-css/flags/4x3/il.svg]
[pixinvent.com/demo/crypto-ico/theme-assets/fonts/flag-icon-css/flags/1x1/il.svg]
[pixinvent.com/demo/crypto-ico/theme-assets/fonts/flag-icon-css/flags/4x3/im.svg]
[pixinvent.com/demo/crypto-ico/theme-assets/fonts/flag-icon-css/flags/1x1/im.svg]
[pixinvent.com/demo/crypto-ico/theme-assets/fonts/flag-icon-css/flags/4x3/in.svg]
[pixinvent.com/demo/crypto-ico/theme-assets/fonts/flag-icon-css/flags/1x1/in.svg]
[pixinvent.com/demo/crypto-ico/theme-assets/fonts/flag-icon-css/flags/4x3/io.svg]
[pixinvent.com/demo/crypto-ico/theme-assets/fonts/flag-icon-css/flags/1x1/io.svg]
[pixinvent.com/demo/crypto-ico/theme-assets/fonts/flag-icon-css/flags/4x3/iq.svg]
[pixinvent.com/demo/crypto-ico/theme-assets/fonts/flag-icon-css/flags/1x1/iq.svg]
[pixinvent.com/demo/crypto-ico/theme-assets/fonts/flag-icon-css/flags/4x3/ir.svg]
[pixinvent.com/demo/crypto-ico/theme-assets/fonts/flag-icon-css/flags/1x1/ir.svg]
[pixinvent.com/demo/crypto-ico/theme-assets/fonts/flag-icon-css/flags/4x3/is.svg]
[pixinvent.com/demo/crypto-ico/theme-assets/fonts/flag-icon-css/flags/1x1/is.svg]
[pixinvent.com/demo/crypto-ico/theme-assets/fonts/flag-icon-css/flags/4x3/it.svg]
[pixinvent.com/demo/crypto-ico/theme-assets/fonts/flag-icon-css/flags/1x1/it.svg]
[pixinvent.com/demo/crypto-ico/theme-assets/fonts/flag-icon-css/flags/4x3/je.svg]
[pixinvent.com/demo/crypto-ico/theme-assets/fonts/flag-icon-css/flags/1x1/je.svg]
[pixinvent.com/demo/crypto-ico/theme-assets/fonts/flag-icon-css/flags/4x3/jm.svg]
[pixinvent.com/demo/crypto-ico/theme-assets/fonts/flag-icon-css/flags/1x1/jm.svg]
[pixinvent.com/demo/crypto-ico/theme-assets/fonts/flag-icon-css/flags/4x3/jo.svg]
[pixinvent.com/demo/crypto-ico/theme-assets/fonts/flag-icon-css/flags/1x1/jo.svg]
[pixinvent.com/demo/crypto-ico/theme-assets/fonts/flag-icon-css/flags/4x3/jp.svg]
[pixinvent.com/demo/crypto-ico/theme-assets/fonts/flag-icon-css/flags/1x1/jp.svg]
[pixinvent.com/demo/crypto-ico/theme-assets/fonts/flag-icon-css/flags/4x3/ke.svg]
[pixinvent.com/demo/crypto-ico/theme-assets/fonts/flag-icon-css/flags/1x1/ke.svg]
[pixinvent.com/demo/crypto-ico/theme-assets/fonts/flag-icon-css/flags/4x3/kg.svg]
[pixinvent.com/demo/crypto-ico/theme-assets/fonts/flag-icon-css/flags/1x1/kg.svg]
[pixinvent.com/demo/crypto-ico/theme-assets/fonts/flag-icon-css/flags/4x3/kh.svg]
[pixinvent.com/demo/crypto-ico/theme-assets/fonts/flag-icon-css/flags/1x1/kh.svg]
[pixinvent.com/demo/crypto-ico/theme-assets/fonts/flag-icon-css/flags/4x3/ki.svg]
[pixinvent.com/demo/crypto-ico/theme-assets/fonts/flag-icon-css/flags/1x1/ki.svg]
[pixinvent.com/demo/crypto-ico/theme-assets/fonts/flag-icon-css/flags/4x3/km.svg]
[pixinvent.com/demo/crypto-ico/theme-assets/fonts/flag-icon-css/flags/1x1/km.svg]
[pixinvent.com/demo/crypto-ico/theme-assets/fonts/flag-icon-css/flags/4x3/kn.svg]
[pixinvent.com/demo/crypto-ico/theme-assets/fonts/flag-icon-css/flags/1x1/kn.svg]
[pixinvent.com/demo/crypto-ico/theme-assets/fonts/flag-icon-css/flags/4x3/kp.svg]
[pixinvent.com/demo/crypto-ico/theme-assets/fonts/flag-icon-css/flags/1x1/kp.svg]
[pixinvent.com/demo/crypto-ico/theme-assets/fonts/flag-icon-css/flags/4x3/kr.svg]
[pixinvent.com/demo/crypto-ico/theme-assets/fonts/flag-icon-css/flags/1x1/kr.svg]
[pixinvent.com/demo/crypto-ico/theme-assets/fonts/flag-icon-css/flags/4x3/kw.svg]
[pixinvent.com/demo/crypto-ico/theme-assets/fonts/flag-icon-css/flags/1x1/kw.svg]
[pixinvent.com/demo/crypto-ico/theme-assets/fonts/flag-icon-css/flags/4x3/ky.svg]
[pixinvent.com/demo/crypto-ico/theme-assets/fonts/flag-icon-css/flags/1x1/ky.svg]
[pixinvent.com/demo/crypto-ico/theme-assets/fonts/flag-icon-css/flags/4x3/kz.svg]
[pixinvent.com/demo/crypto-ico/theme-assets/fonts/flag-icon-css/flags/1x1/kz.svg]
[pixinvent.com/demo/crypto-ico/theme-assets/fonts/flag-icon-css/flags/4x3/la.svg]
[pixinvent.com/demo/crypto-ico/theme-assets/fonts/flag-icon-css/flags/1x1/la.svg]
[pixinvent.com/demo/crypto-ico/theme-assets/fonts/flag-icon-css/flags/4x3/lb.svg]
[pixinvent.com/demo/crypto-ico/theme-assets/fonts/flag-icon-css/flags/1x1/lb.svg]
[pixinvent.com/demo/crypto-ico/theme-assets/fonts/flag-icon-css/flags/4x3/lc.svg]
[pixinvent.com/demo/crypto-ico/theme-assets/fonts/flag-icon-css/flags/1x1/lc.svg]
[pixinvent.com/demo/crypto-ico/theme-assets/fonts/flag-icon-css/flags/4x3/li.svg]
[pixinvent.com/demo/crypto-ico/theme-assets/fonts/flag-icon-css/flags/1x1/li.svg]
[pixinvent.com/demo/crypto-ico/theme-assets/fonts/flag-icon-css/flags/4x3/lk.svg]
[pixinvent.com/demo/crypto-ico/theme-assets/fonts/flag-icon-css/flags/1x1/lk.svg]
[pixinvent.com/demo/crypto-ico/theme-assets/fonts/flag-icon-css/flags/4x3/lr.svg]
[pixinvent.com/demo/crypto-ico/theme-assets/fonts/flag-icon-css/flags/1x1/lr.svg]
[pixinvent.com/demo/crypto-ico/theme-assets/fonts/flag-icon-css/flags/4x3/ls.svg]
[pixinvent.com/demo/crypto-ico/theme-assets/fonts/flag-icon-css/flags/1x1/ls.svg]
[pixinvent.com/demo/crypto-ico/theme-assets/fonts/flag-icon-css/flags/4x3/lt.svg]
[pixinvent.com/demo/crypto-ico/theme-assets/fonts/flag-icon-css/flags/1x1/lt.svg]
[pixinvent.com/demo/crypto-ico/theme-assets/fonts/flag-icon-css/flags/4x3/lu.svg]
[pixinvent.com/demo/crypto-ico/theme-assets/fonts/flag-icon-css/flags/1x1/lu.svg]
[pixinvent.com/demo/crypto-ico/theme-assets/fonts/flag-icon-css/flags/4x3/lv.svg]
[pixinvent.com/demo/crypto-ico/theme-assets/fonts/flag-icon-css/flags/1x1/lv.svg]
[pixinvent.com/demo/crypto-ico/theme-assets/fonts/flag-icon-css/flags/4x3/ly.svg]
[pixinvent.com/demo/crypto-ico/theme-assets/fonts/flag-icon-css/flags/1x1/ly.svg]
[pixinvent.com/demo/crypto-ico/theme-assets/fonts/flag-icon-css/flags/4x3/ma.svg]
[pixinvent.com/demo/crypto-ico/theme-assets/fonts/flag-icon-css/flags/1x1/ma.svg]
[pixinvent.com/demo/crypto-ico/theme-assets/fonts/flag-icon-css/flags/4x3/mc.svg]
[pixinvent.com/demo/crypto-ico/theme-assets/fonts/flag-icon-css/flags/1x1/mc.svg]
[pixinvent.com/demo/crypto-ico/theme-assets/fonts/flag-icon-css/flags/4x3/md.svg]
[pixinvent.com/demo/crypto-ico/theme-assets/fonts/flag-icon-css/flags/1x1/md.svg]
[pixinvent.com/demo/crypto-ico/theme-assets/fonts/flag-icon-css/flags/4x3/me.svg]
[pixinvent.com/demo/crypto-ico/theme-assets/fonts/flag-icon-css/flags/1x1/me.svg]
[pixinvent.com/demo/crypto-ico/theme-assets/fonts/flag-icon-css/flags/4x3/mf.svg]
[pixinvent.com/demo/crypto-ico/theme-assets/fonts/flag-icon-css/flags/1x1/mf.svg]
[pixinvent.com/demo/crypto-ico/theme-assets/fonts/flag-icon-css/flags/4x3/mg.svg]
[pixinvent.com/demo/crypto-ico/theme-assets/fonts/flag-icon-css/flags/1x1/mg.svg]
[pixinvent.com/demo/crypto-ico/theme-assets/fonts/flag-icon-css/flags/4x3/mh.svg]
[pixinvent.com/demo/crypto-ico/theme-assets/fonts/flag-icon-css/flags/1x1/mh.svg]
[pixinvent.com/demo/crypto-ico/theme-assets/fonts/flag-icon-css/flags/4x3/mk.svg]
[pixinvent.com/demo/crypto-ico/theme-assets/fonts/flag-icon-css/flags/1x1/mk.svg]
[pixinvent.com/demo/crypto-ico/theme-assets/fonts/flag-icon-css/flags/4x3/ml.svg]
[pixinvent.com/demo/crypto-ico/theme-assets/fonts/flag-icon-css/flags/1x1/ml.svg]
[pixinvent.com/demo/crypto-ico/theme-assets/fonts/flag-icon-css/flags/4x3/mm.svg]
[pixinvent.com/demo/crypto-ico/theme-assets/fonts/flag-icon-css/flags/1x1/mm.svg]
[pixinvent.com/demo/crypto-ico/theme-assets/fonts/flag-icon-css/flags/4x3/mn.svg]
[pixinvent.com/demo/crypto-ico/theme-assets/fonts/flag-icon-css/flags/1x1/mn.svg]
[pixinvent.com/demo/crypto-ico/theme-assets/fonts/flag-icon-css/flags/4x3/mo.svg]
[pixinvent.com/demo/crypto-ico/theme-assets/fonts/flag-icon-css/flags/1x1/mo.svg]
[pixinvent.com/demo/crypto-ico/theme-assets/fonts/flag-icon-css/flags/4x3/mp.svg]
[pixinvent.com/demo/crypto-ico/theme-assets/fonts/flag-icon-css/flags/1x1/mp.svg]
[pixinvent.com/demo/crypto-ico/theme-assets/fonts/flag-icon-css/flags/4x3/mq.svg]
[pixinvent.com/demo/crypto-ico/theme-assets/fonts/flag-icon-css/flags/1x1/mq.svg]
[pixinvent.com/demo/crypto-ico/theme-assets/fonts/flag-icon-css/flags/4x3/mr.svg]
[pixinvent.com/demo/crypto-ico/theme-assets/fonts/flag-icon-css/flags/1x1/mr.svg]
[pixinvent.com/demo/crypto-ico/theme-assets/fonts/flag-icon-css/flags/4x3/ms.svg]
[pixinvent.com/demo/crypto-ico/theme-assets/fonts/flag-icon-css/flags/1x1/ms.svg]
[pixinvent.com/demo/crypto-ico/theme-assets/fonts/flag-icon-css/flags/4x3/mt.svg]
[pixinvent.com/demo/crypto-ico/theme-assets/fonts/flag-icon-css/flags/1x1/mt.svg]
[pixinvent.com/demo/crypto-ico/theme-assets/fonts/flag-icon-css/flags/4x3/mu.svg]
[pixinvent.com/demo/crypto-ico/theme-assets/fonts/flag-icon-css/flags/1x1/mu.svg]
[pixinvent.com/demo/crypto-ico/theme-assets/fonts/flag-icon-css/flags/4x3/mv.svg]
[pixinvent.com/demo/crypto-ico/theme-assets/fonts/flag-icon-css/flags/1x1/mv.svg]
[pixinvent.com/demo/crypto-ico/theme-assets/fonts/flag-icon-css/flags/4x3/mw.svg]
[pixinvent.com/demo/crypto-ico/theme-assets/fonts/flag-icon-css/flags/1x1/mw.svg]
[pixinvent.com/demo/crypto-ico/theme-assets/fonts/flag-icon-css/flags/4x3/mx.svg]
[pixinvent.com/demo/crypto-ico/theme-assets/fonts/flag-icon-css/flags/1x1/mx.svg]
[pixinvent.com/demo/crypto-ico/theme-assets/fonts/flag-icon-css/flags/4x3/my.svg]
[pixinvent.com/demo/crypto-ico/theme-assets/fonts/flag-icon-css/flags/1x1/my.svg]
[pixinvent.com/demo/crypto-ico/theme-assets/fonts/flag-icon-css/flags/4x3/mz.svg]
[pixinvent.com/demo/crypto-ico/theme-assets/fonts/flag-icon-css/flags/1x1/mz.svg]
[pixinvent.com/demo/crypto-ico/theme-assets/fonts/flag-icon-css/flags/4x3/na.svg]
[pixinvent.com/demo/crypto-ico/theme-assets/fonts/flag-icon-css/flags/1x1/na.svg]
[pixinvent.com/demo/crypto-ico/theme-assets/fonts/flag-icon-css/flags/4x3/nc.svg]
[pixinvent.com/demo/crypto-ico/theme-assets/fonts/flag-icon-css/flags/1x1/nc.svg]
[pixinvent.com/demo/crypto-ico/theme-assets/fonts/flag-icon-css/flags/4x3/ne.svg]
[pixinvent.com/demo/crypto-ico/theme-assets/fonts/flag-icon-css/flags/1x1/ne.svg]
[pixinvent.com/demo/crypto-ico/theme-assets/fonts/flag-icon-css/flags/4x3/nf.svg]
[pixinvent.com/demo/crypto-ico/theme-assets/fonts/flag-icon-css/flags/1x1/nf.svg]
[pixinvent.com/demo/crypto-ico/theme-assets/fonts/flag-icon-css/flags/4x3/ng.svg]
[pixinvent.com/demo/crypto-ico/theme-assets/fonts/flag-icon-css/flags/1x1/ng.svg]
[pixinvent.com/demo/crypto-ico/theme-assets/fonts/flag-icon-css/flags/4x3/ni.svg]
[pixinvent.com/demo/crypto-ico/theme-assets/fonts/flag-icon-css/flags/1x1/ni.svg]
[pixinvent.com/demo/crypto-ico/theme-assets/fonts/flag-icon-css/flags/4x3/nl.svg]
[pixinvent.com/demo/crypto-ico/theme-assets/fonts/flag-icon-css/flags/1x1/nl.svg]
[pixinvent.com/demo/crypto-ico/theme-assets/fonts/flag-icon-css/flags/4x3/no.svg]
[pixinvent.com/demo/crypto-ico/theme-assets/fonts/flag-icon-css/flags/1x1/no.svg]
[pixinvent.com/demo/crypto-ico/theme-assets/fonts/flag-icon-css/flags/4x3/np.svg]
[pixinvent.com/demo/crypto-ico/theme-assets/fonts/flag-icon-css/flags/1x1/np.svg]
[pixinvent.com/demo/crypto-ico/theme-assets/fonts/flag-icon-css/flags/4x3/nr.svg]
[pixinvent.com/demo/crypto-ico/theme-assets/fonts/flag-icon-css/flags/1x1/nr.svg]
[pixinvent.com/demo/crypto-ico/theme-assets/fonts/flag-icon-css/flags/4x3/nu.svg]
[pixinvent.com/demo/crypto-ico/theme-assets/fonts/flag-icon-css/flags/1x1/nu.svg]
[pixinvent.com/demo/crypto-ico/theme-assets/fonts/flag-icon-css/flags/4x3/nz.svg]
[pixinvent.com/demo/crypto-ico/theme-assets/fonts/flag-icon-css/flags/1x1/nz.svg]
[pixinvent.com/demo/crypto-ico/theme-assets/fonts/flag-icon-css/flags/4x3/om.svg]
[pixinvent.com/demo/crypto-ico/theme-assets/fonts/flag-icon-css/flags/1x1/om.svg]
[pixinvent.com/demo/crypto-ico/theme-assets/fonts/flag-icon-css/flags/4x3/pa.svg]
[pixinvent.com/demo/crypto-ico/theme-assets/fonts/flag-icon-css/flags/1x1/pa.svg]
[pixinvent.com/demo/crypto-ico/theme-assets/fonts/flag-icon-css/flags/4x3/pe.svg]
[pixinvent.com/demo/crypto-ico/theme-assets/fonts/flag-icon-css/flags/1x1/pe.svg]
[pixinvent.com/demo/crypto-ico/theme-assets/fonts/flag-icon-css/flags/4x3/pf.svg]
[pixinvent.com/demo/crypto-ico/theme-assets/fonts/flag-icon-css/flags/1x1/pf.svg]
[pixinvent.com/demo/crypto-ico/theme-assets/fonts/flag-icon-css/flags/4x3/pg.svg]
[pixinvent.com/demo/crypto-ico/theme-assets/fonts/flag-icon-css/flags/1x1/pg.svg]
[pixinvent.com/demo/crypto-ico/theme-assets/fonts/flag-icon-css/flags/4x3/ph.svg]
[pixinvent.com/demo/crypto-ico/theme-assets/fonts/flag-icon-css/flags/1x1/ph.svg]
[pixinvent.com/demo/crypto-ico/theme-assets/fonts/flag-icon-css/flags/4x3/pk.svg]
[pixinvent.com/demo/crypto-ico/theme-assets/fonts/flag-icon-css/flags/1x1/pk.svg]
[pixinvent.com/demo/crypto-ico/theme-assets/fonts/flag-icon-css/flags/4x3/pl.svg]
[pixinvent.com/demo/crypto-ico/theme-assets/fonts/flag-icon-css/flags/1x1/pl.svg]
[pixinvent.com/demo/crypto-ico/theme-assets/fonts/flag-icon-css/flags/4x3/pm.svg]
[pixinvent.com/demo/crypto-ico/theme-assets/fonts/flag-icon-css/flags/1x1/pm.svg]
[pixinvent.com/demo/crypto-ico/theme-assets/fonts/flag-icon-css/flags/4x3/pn.svg]
[pixinvent.com/demo/crypto-ico/theme-assets/fonts/flag-icon-css/flags/1x1/pn.svg]
[pixinvent.com/demo/crypto-ico/theme-assets/fonts/flag-icon-css/flags/4x3/pr.svg]
[pixinvent.com/demo/crypto-ico/theme-assets/fonts/flag-icon-css/flags/1x1/pr.svg]
[pixinvent.com/demo/crypto-ico/theme-assets/fonts/flag-icon-css/flags/4x3/ps.svg]
[pixinvent.com/demo/crypto-ico/theme-assets/fonts/flag-icon-css/flags/1x1/ps.svg]
[pixinvent.com/demo/crypto-ico/theme-assets/fonts/flag-icon-css/flags/4x3/pt.svg]
[pixinvent.com/demo/crypto-ico/theme-assets/fonts/flag-icon-css/flags/1x1/pt.svg]
[pixinvent.com/demo/crypto-ico/theme-assets/fonts/flag-icon-css/flags/4x3/pw.svg]
[pixinvent.com/demo/crypto-ico/theme-assets/fonts/flag-icon-css/flags/1x1/pw.svg]
[pixinvent.com/demo/crypto-ico/theme-assets/fonts/flag-icon-css/flags/1x1/py.svg]
[pixinvent.com/demo/crypto-ico/theme-assets/fonts/flag-icon-css/flags/4x3/qa.svg]
[pixinvent.com/demo/crypto-ico/theme-assets/fonts/flag-icon-css/flags/1x1/qa.svg]
[pixinvent.com/demo/crypto-ico/theme-assets/fonts/flag-icon-css/flags/4x3/re.svg]
[pixinvent.com/demo/crypto-ico/theme-assets/fonts/flag-icon-css/flags/1x1/re.svg]
[pixinvent.com/demo/crypto-ico/theme-assets/fonts/flag-icon-css/flags/4x3/ro.svg]
[pixinvent.com/demo/crypto-ico/theme-assets/fonts/flag-icon-css/flags/1x1/ro.svg]
[pixinvent.com/demo/crypto-ico/theme-assets/fonts/flag-icon-css/flags/4x3/rs.svg]
[pixinvent.com/demo/crypto-ico/theme-assets/fonts/flag-icon-css/flags/1x1/rs.svg]
[pixinvent.com/demo/crypto-ico/theme-assets/fonts/flag-icon-css/flags/4x3/ru.svg]
[pixinvent.com/demo/crypto-ico/theme-assets/fonts/flag-icon-css/flags/4x3/rw.svg]
[pixinvent.com/demo/crypto-ico/theme-assets/fonts/flag-icon-css/flags/1x1/rw.svg]
[pixinvent.com/demo/crypto-ico/theme-assets/fonts/flag-icon-css/flags/4x3/sa.svg]
[pixinvent.com/demo/crypto-ico/theme-assets/fonts/flag-icon-css/flags/1x1/sa.svg]
[pixinvent.com/demo/crypto-ico/theme-assets/fonts/flag-icon-css/flags/4x3/sb.svg]
[pixinvent.com/demo/crypto-ico/theme-assets/fonts/flag-icon-css/flags/1x1/sb.svg]
[pixinvent.com/demo/crypto-ico/theme-assets/fonts/flag-icon-css/flags/4x3/sc.svg]
[pixinvent.com/demo/crypto-ico/theme-assets/fonts/flag-icon-css/flags/1x1/sc.svg]
[pixinvent.com/demo/crypto-ico/theme-assets/fonts/flag-icon-css/flags/4x3/sd.svg]
[pixinvent.com/demo/crypto-ico/theme-assets/fonts/flag-icon-css/flags/1x1/sd.svg]
[pixinvent.com/demo/crypto-ico/theme-assets/fonts/flag-icon-css/flags/4x3/se.svg]
[pixinvent.com/demo/crypto-ico/theme-assets/fonts/flag-icon-css/flags/1x1/se.svg]
[pixinvent.com/demo/crypto-ico/theme-assets/fonts/flag-icon-css/flags/4x3/sg.svg]
[pixinvent.com/demo/crypto-ico/theme-assets/fonts/flag-icon-css/flags/1x1/sg.svg]
[pixinvent.com/demo/crypto-ico/theme-assets/fonts/flag-icon-css/flags/4x3/sh.svg]
[pixinvent.com/demo/crypto-ico/theme-assets/fonts/flag-icon-css/flags/1x1/sh.svg]
[pixinvent.com/demo/crypto-ico/theme-assets/fonts/flag-icon-css/flags/4x3/si.svg]
[pixinvent.com/demo/crypto-ico/theme-assets/fonts/flag-icon-css/flags/1x1/si.svg]
[pixinvent.com/demo/crypto-ico/theme-assets/fonts/flag-icon-css/flags/4x3/sj.svg]
[pixinvent.com/demo/crypto-ico/theme-assets/fonts/flag-icon-css/flags/1x1/sj.svg]
[pixinvent.com/demo/crypto-ico/theme-assets/fonts/flag-icon-css/flags/4x3/sk.svg]
[pixinvent.com/demo/crypto-ico/theme-assets/fonts/flag-icon-css/flags/1x1/sk.svg]
[pixinvent.com/demo/crypto-ico/theme-assets/fonts/flag-icon-css/flags/4x3/sl.svg]
[pixinvent.com/demo/crypto-ico/theme-assets/fonts/flag-icon-css/flags/1x1/sl.svg]
[pixinvent.com/demo/crypto-ico/theme-assets/fonts/flag-icon-css/flags/4x3/sm.svg]
[pixinvent.com/demo/crypto-ico/theme-assets/fonts/flag-icon-css/flags/1x1/sm.svg]
[pixinvent.com/demo/crypto-ico/theme-assets/fonts/flag-icon-css/flags/4x3/sn.svg]
[pixinvent.com/demo/crypto-ico/theme-assets/fonts/flag-icon-css/flags/1x1/sn.svg]
[pixinvent.com/demo/crypto-ico/theme-assets/fonts/flag-icon-css/flags/4x3/so.svg]
[pixinvent.com/demo/crypto-ico/theme-assets/fonts/flag-icon-css/flags/1x1/so.svg]
[pixinvent.com/demo/crypto-ico/theme-assets/fonts/flag-icon-css/flags/4x3/sr.svg]
[pixinvent.com/demo/crypto-ico/theme-assets/fonts/flag-icon-css/flags/1x1/sr.svg]
[pixinvent.com/demo/crypto-ico/theme-assets/fonts/flag-icon-css/flags/4x3/ss.svg]
[pixinvent.com/demo/crypto-ico/theme-assets/fonts/flag-icon-css/flags/1x1/ss.svg]
[pixinvent.com/demo/crypto-ico/theme-assets/fonts/flag-icon-css/flags/4x3/st.svg]
[pixinvent.com/demo/crypto-ico/theme-assets/fonts/flag-icon-css/flags/1x1/st.svg]
[pixinvent.com/demo/crypto-ico/theme-assets/fonts/flag-icon-css/flags/4x3/sv.svg]
[pixinvent.com/demo/crypto-ico/theme-assets/fonts/flag-icon-css/flags/1x1/sv.svg]
[pixinvent.com/demo/crypto-ico/theme-assets/fonts/flag-icon-css/flags/4x3/sx.svg]
[pixinvent.com/demo/crypto-ico/theme-assets/fonts/flag-icon-css/flags/1x1/sx.svg]
[pixinvent.com/demo/crypto-ico/theme-assets/fonts/flag-icon-css/flags/4x3/sy.svg]
[pixinvent.com/demo/crypto-ico/theme-assets/fonts/flag-icon-css/flags/1x1/sy.svg]
[pixinvent.com/demo/crypto-ico/theme-assets/fonts/flag-icon-css/flags/4x3/sz.svg]
[pixinvent.com/demo/crypto-ico/theme-assets/fonts/flag-icon-css/flags/1x1/sz.svg]
[pixinvent.com/demo/crypto-ico/theme-assets/fonts/flag-icon-css/flags/4x3/tc.svg]
[pixinvent.com/demo/crypto-ico/theme-assets/fonts/flag-icon-css/flags/1x1/tc.svg]
[pixinvent.com/demo/crypto-ico/theme-assets/fonts/flag-icon-css/flags/4x3/td.svg]
[pixinvent.com/demo/crypto-ico/theme-assets/fonts/flag-icon-css/flags/1x1/td.svg]
[pixinvent.com/demo/crypto-ico/theme-assets/fonts/flag-icon-css/flags/4x3/tf.svg]
[pixinvent.com/demo/crypto-ico/theme-assets/fonts/flag-icon-css/flags/1x1/tf.svg]
[pixinvent.com/demo/crypto-ico/theme-assets/fonts/flag-icon-css/flags/4x3/tg.svg]
[pixinvent.com/demo/crypto-ico/theme-assets/fonts/flag-icon-css/flags/1x1/tg.svg]
[pixinvent.com/demo/crypto-ico/theme-assets/fonts/flag-icon-css/flags/4x3/th.svg]
[pixinvent.com/demo/crypto-ico/theme-assets/fonts/flag-icon-css/flags/1x1/th.svg]
[pixinvent.com/demo/crypto-ico/theme-assets/fonts/flag-icon-css/flags/4x3/tj.svg]
[pixinvent.com/demo/crypto-ico/theme-assets/fonts/flag-icon-css/flags/1x1/tj.svg]
[pixinvent.com/demo/crypto-ico/theme-assets/fonts/flag-icon-css/flags/4x3/tk.svg]
[pixinvent.com/demo/crypto-ico/theme-assets/fonts/flag-icon-css/flags/1x1/tk.svg]
[pixinvent.com/demo/crypto-ico/theme-assets/fonts/flag-icon-css/flags/4x3/tl.svg]
[pixinvent.com/demo/crypto-ico/theme-assets/fonts/flag-icon-css/flags/1x1/tl.svg]
[pixinvent.com/demo/crypto-ico/theme-assets/fonts/flag-icon-css/flags/4x3/tm.svg]
[pixinvent.com/demo/crypto-ico/theme-assets/fonts/flag-icon-css/flags/1x1/tm.svg]
[pixinvent.com/demo/crypto-ico/theme-assets/fonts/flag-icon-css/flags/4x3/tn.svg]
[pixinvent.com/demo/crypto-ico/theme-assets/fonts/flag-icon-css/flags/1x1/tn.svg]
[pixinvent.com/demo/crypto-ico/theme-assets/fonts/flag-icon-css/flags/4x3/to.svg]
[pixinvent.com/demo/crypto-ico/theme-assets/fonts/flag-icon-css/flags/1x1/to.svg]
[pixinvent.com/demo/crypto-ico/theme-assets/fonts/flag-icon-css/flags/4x3/tr.svg]
[pixinvent.com/demo/crypto-ico/theme-assets/fonts/flag-icon-css/flags/1x1/tr.svg]
[pixinvent.com/demo/crypto-ico/theme-assets/fonts/flag-icon-css/flags/4x3/tt.svg]
[pixinvent.com/demo/crypto-ico/theme-assets/fonts/flag-icon-css/flags/1x1/tt.svg]
[pixinvent.com/demo/crypto-ico/theme-assets/fonts/flag-icon-css/flags/4x3/tv.svg]
[pixinvent.com/demo/crypto-ico/theme-assets/fonts/flag-icon-css/flags/1x1/tv.svg]
[pixinvent.com/demo/crypto-ico/theme-assets/fonts/flag-icon-css/flags/4x3/tw.svg]
[pixinvent.com/demo/crypto-ico/theme-assets/fonts/flag-icon-css/flags/1x1/tw.svg]
[pixinvent.com/demo/crypto-ico/theme-assets/fonts/flag-icon-css/flags/4x3/tz.svg]
[pixinvent.com/demo/crypto-ico/theme-assets/fonts/flag-icon-css/flags/1x1/tz.svg]
[pixinvent.com/demo/crypto-ico/theme-assets/fonts/flag-icon-css/flags/4x3/ua.svg]
[pixinvent.com/demo/crypto-ico/theme-assets/fonts/flag-icon-css/flags/1x1/ua.svg]
[pixinvent.com/demo/crypto-ico/theme-assets/fonts/flag-icon-css/flags/4x3/ug.svg]
[pixinvent.com/demo/crypto-ico/theme-assets/fonts/flag-icon-css/flags/1x1/ug.svg]
[pixinvent.com/demo/crypto-ico/theme-assets/fonts/flag-icon-css/flags/4x3/um.svg]
[pixinvent.com/demo/crypto-ico/theme-assets/fonts/flag-icon-css/flags/1x1/um.svg]
[pixinvent.com/demo/crypto-ico/theme-assets/fonts/flag-icon-css/flags/4x3/us.svg]
[pixinvent.com/demo/crypto-ico/theme-assets/fonts/flag-icon-css/flags/1x1/us.svg]
[pixinvent.com/demo/crypto-ico/theme-assets/fonts/flag-icon-css/flags/4x3/uy.svg]
[pixinvent.com/demo/crypto-ico/theme-assets/fonts/flag-icon-css/flags/1x1/uy.svg]
[pixinvent.com/demo/crypto-ico/theme-assets/fonts/flag-icon-css/flags/4x3/uz.svg]
[pixinvent.com/demo/crypto-ico/theme-assets/fonts/flag-icon-css/flags/1x1/uz.svg]
[pixinvent.com/demo/crypto-ico/theme-assets/fonts/flag-icon-css/flags/4x3/va.svg]
[pixinvent.com/demo/crypto-ico/theme-assets/fonts/flag-icon-css/flags/1x1/va.svg]
[pixinvent.com/demo/crypto-ico/theme-assets/fonts/flag-icon-css/flags/4x3/vc.svg]
[pixinvent.com/demo/crypto-ico/theme-assets/fonts/flag-icon-css/flags/1x1/vc.svg]
[pixinvent.com/demo/crypto-ico/theme-assets/fonts/flag-icon-css/flags/4x3/ve.svg]
[pixinvent.com/demo/crypto-ico/theme-assets/fonts/flag-icon-css/flags/1x1/ve.svg]
[pixinvent.com/demo/crypto-ico/theme-assets/fonts/flag-icon-css/flags/4x3/vg.svg]
[pixinvent.com/demo/crypto-ico/theme-assets/fonts/flag-icon-css/flags/1x1/vg.svg]
[pixinvent.com/demo/crypto-ico/theme-assets/fonts/flag-icon-css/flags/4x3/vi.svg]
[pixinvent.com/demo/crypto-ico/theme-assets/fonts/flag-icon-css/flags/1x1/vi.svg]
[pixinvent.com/demo/crypto-ico/theme-assets/fonts/flag-icon-css/flags/4x3/vn.svg]
[pixinvent.com/demo/crypto-ico/theme-assets/fonts/flag-icon-css/flags/1x1/vn.svg]
[pixinvent.com/demo/crypto-ico/theme-assets/fonts/flag-icon-css/flags/4x3/vu.svg]
[pixinvent.com/demo/crypto-ico/theme-assets/fonts/flag-icon-css/flags/1x1/vu.svg]
[pixinvent.com/demo/crypto-ico/theme-assets/fonts/flag-icon-css/flags/4x3/wf.svg]
[pixinvent.com/demo/crypto-ico/theme-assets/fonts/flag-icon-css/flags/1x1/wf.svg]
[pixinvent.com/demo/crypto-ico/theme-assets/fonts/flag-icon-css/flags/4x3/ws.svg]
[pixinvent.com/demo/crypto-ico/theme-assets/fonts/flag-icon-css/flags/1x1/ws.svg]
[pixinvent.com/demo/crypto-ico/theme-assets/fonts/flag-icon-css/flags/4x3/ye.svg]
[pixinvent.com/demo/crypto-ico/theme-assets/fonts/flag-icon-css/flags/1x1/ye.svg]
[pixinvent.com/demo/crypto-ico/theme-assets/fonts/flag-icon-css/flags/4x3/yt.svg]
[pixinvent.com/demo/crypto-ico/theme-assets/fonts/flag-icon-css/flags/1x1/yt.svg]
[pixinvent.com/demo/crypto-ico/theme-assets/fonts/flag-icon-css/flags/4x3/za.svg]
[pixinvent.com/demo/crypto-ico/theme-assets/fonts/flag-icon-css/flags/1x1/za.svg]
[pixinvent.com/demo/crypto-ico/theme-assets/fonts/flag-icon-css/flags/4x3/zm.svg]
[pixinvent.com/demo/crypto-ico/theme-assets/fonts/flag-icon-css/flags/1x1/zm.svg]
[pixinvent.com/demo/crypto-ico/theme-assets/fonts/flag-icon-css/flags/4x3/zw.svg]
[pixinvent.com/demo/crypto-ico/theme-assets/fonts/flag-icon-css/flags/1x1/zw.svg]
[pixinvent.com/demo/crypto-ico/theme-assets/fonts/flag-icon-css/flags/4x3/eu.svg]
[pixinvent.com/demo/crypto-ico/theme-assets/fonts/flag-icon-css/flags/1x1/eu.svg]
[pixinvent.com/demo/crypto-ico/theme-assets/fonts/flag-icon-css/flags/4x3/gb-wls.svg]
[pixinvent.com/demo/crypto-ico/theme-assets/fonts/flag-icon-css/css/flag-icon.min.css]
[pixinvent.com/demo/crypto-ico/theme-assets/vendors/animate/animate.min.css]
[pixinvent.com/demo/crypto-ico/theme-assets/vendors/flipclock/flipclock.css]
[pixinvent.com/demo/crypto-ico/theme-assets/vendors/swiper/css/swiper.min.css]
[pixinvent.com/demo/crypto-ico/theme-assets/css/demo.min.css]
[pixinvent.com/demo/crypto-ico/theme-assets/fonts/flag-icon-css/flags/1x1/gb-wls.svg]
[pixinvent.com/demo/crypto-ico/theme-assets/images-counter/banner-shape.png]
[pixinvent.com/demo/crypto-ico/theme-assets/images-counter/footer-shape.png]
[pixinvent.com/demo/crypto-ico/theme-assets/images-counter/solutions-shape-2.png]
[pixinvent.com/demo/crypto-ico/theme-assets/images-counter/solutions-shape-1.png]
[pixinvent.com/demo/crypto-ico/theme-assets/images-counter/contact-shape-2.png]
[pixinvent.com/demo/crypto-ico/theme-assets/images-counter/contact-shape-1.png]
[pixinvent.com/demo/crypto-ico/theme-assets/css/template-counter.min.css]
[pixinvent.com/demo/crypto-ico/assets/css/style.css]
[pixinvent.com/demo/crypto-ico/html/ltr/template-counter/template-blog-detail.html]
[pixinvent.com/demo/crypto-ico/html/ltr/template-counter/index-2.html]
[pixinvent.com/demo/crypto-ico/html/ltr/template-counter/template-counter-ripple.html]
[pixinvent.com/demo/crypto-ico/html/ltr/template-counter/template-blog.html]
[cdnjs.cloudflare.com/ajax/libs/font-awesome/4.7.0/fonts/fontawesome-webfont3e6e.svg]
[pixinvent.com/demo/crypto-ico/theme-assets/fonts/themify/fonts/themify9f24.svg]
[pixinvent.com/demo/crypto-ico/theme-assets/fonts/flag-icon-css/flags/4x3/ad.svg]
[pixinvent.com/demo/crypto-ico/theme-assets/fonts/flag-icon-css/flags/1x1/ad.svg]
[pixinvent.com/demo/crypto-ico/theme-assets/fonts/flag-icon-css/flags/4x3/ae.svg]
[pixinvent.com/demo/crypto-ico/theme-assets/fonts/flag-icon-css/flags/1x1/ae.svg]
[pixinvent.com/demo/crypto-ico/theme-assets/fonts/flag-icon-css/flags/4x3/af.svg]
[pixinvent.com/demo/crypto-ico/theme-assets/fonts/flag-icon-css/flags/1x1/af.svg]
[pixinvent.com/demo/crypto-ico/theme-assets/fonts/flag-icon-css/flags/4x3/ag.svg]
[pixinvent.com/demo/crypto-ico/theme-assets/fonts/flag-icon-css/flags/1x1/ag.svg]
[pixinvent.com/demo/crypto-ico/theme-assets/fonts/flag-icon-css/flags/4x3/ai.svg]
[pixinvent.com/demo/crypto-ico/theme-assets/fonts/flag-icon-css/flags/1x1/ai.svg]
[pixinvent.com/demo/crypto-ico/theme-assets/fonts/flag-icon-css/flags/4x3/al.svg]
[pixinvent.com/demo/crypto-ico/theme-assets/fonts/flag-icon-css/flags/1x1/al.svg]
[pixinvent.com/demo/crypto-ico/theme-assets/fonts/flag-icon-css/flags/4x3/am.svg]
[pixinvent.com/demo/crypto-ico/theme-assets/fonts/flag-icon-css/flags/1x1/am.svg]
[pixinvent.com/demo/crypto-ico/theme-assets/fonts/flag-icon-css/flags/4x3/ao.svg]
[pixinvent.com/demo/crypto-ico/theme-assets/fonts/flag-icon-css/flags/1x1/ao.svg]
[pixinvent.com/demo/crypto-ico/theme-assets/fonts/flag-icon-css/flags/4x3/aq.svg]
[pixinvent.com/demo/crypto-ico/theme-assets/fonts/flag-icon-css/flags/1x1/aq.svg]
[pixinvent.com/demo/crypto-ico/theme-assets/fonts/flag-icon-css/flags/4x3/ar.svg]
[pixinvent.com/demo/crypto-ico/theme-assets/fonts/flag-icon-css/flags/1x1/ar.svg]
[pixinvent.com/demo/crypto-ico/theme-assets/fonts/flag-icon-css/flags/4x3/as.svg]
[pixinvent.com/demo/crypto-ico/theme-assets/fonts/flag-icon-css/flags/1x1/as.svg]
[pixinvent.com/demo/crypto-ico/theme-assets/fonts/flag-icon-css/flags/4x3/at.svg]
[pixinvent.com/demo/crypto-ico/theme-assets/fonts/flag-icon-css/flags/1x1/at.svg]
[pixinvent.com/demo/crypto-ico/theme-assets/fonts/flag-icon-css/flags/4x3/au.svg]
[pixinvent.com/demo/crypto-ico/theme-assets/fonts/flag-icon-css/flags/1x1/au.svg]
[pixinvent.com/demo/crypto-ico/theme-assets/fonts/flag-icon-css/flags/4x3/aw.svg]
[pixinvent.com/demo/crypto-ico/theme-assets/fonts/flag-icon-css/flags/1x1/aw.svg]
[pixinvent.com/demo/crypto-ico/theme-assets/fonts/flag-icon-css/flags/4x3/ax.svg]
[pixinvent.com/demo/crypto-ico/theme-assets/fonts/flag-icon-css/flags/1x1/ax.svg]
[pixinvent.com/demo/crypto-ico/theme-assets/fonts/flag-icon-css/flags/4x3/az.svg]
[pixinvent.com/demo/crypto-ico/theme-assets/fonts/flag-icon-css/flags/1x1/az.svg]
[pixinvent.com/demo/crypto-ico/theme-assets/fonts/flag-icon-css/flags/4x3/ba.svg]
[pixinvent.com/demo/crypto-ico/theme-assets/fonts/flag-icon-css/flags/1x1/ba.svg]
[pixinvent.com/demo/crypto-ico/theme-assets/fonts/flag-icon-css/flags/4x3/bb.svg]
[pixinvent.com/demo/crypto-ico/theme-assets/fonts/flag-icon-css/flags/1x1/bb.svg]
[pixinvent.com/demo/crypto-ico/theme-assets/fonts/flag-icon-css/flags/4x3/bd.svg]
[pixinvent.com/demo/crypto-ico/theme-assets/fonts/flag-icon-css/flags/1x1/bd.svg]
[pixinvent.com/demo/crypto-ico/theme-assets/fonts/flag-icon-css/flags/4x3/be.svg]
[pixinvent.com/demo/crypto-ico/theme-assets/fonts/flag-icon-css/flags/1x1/be.svg]
[pixinvent.com/demo/crypto-ico/theme-assets/fonts/flag-icon-css/flags/4x3/bf.svg]
[pixinvent.com/demo/crypto-ico/theme-assets/fonts/flag-icon-css/flags/1x1/bf.svg]
[pixinvent.com/demo/crypto-ico/theme-assets/fonts/flag-icon-css/flags/4x3/bg.svg]
[pixinvent.com/demo/crypto-ico/theme-assets/fonts/flag-icon-css/flags/1x1/bg.svg]
[pixinvent.com/demo/crypto-ico/theme-assets/fonts/flag-icon-css/flags/4x3/bh.svg]
[pixinvent.com/demo/crypto-ico/theme-assets/fonts/flag-icon-css/flags/1x1/bh.svg]
[pixinvent.com/demo/crypto-ico/theme-assets/fonts/flag-icon-css/flags/4x3/bi.svg]
[pixinvent.com/demo/crypto-ico/theme-assets/fonts/flag-icon-css/flags/1x1/bi.svg]
[pixinvent.com/demo/crypto-ico/theme-assets/fonts/flag-icon-css/flags/4x3/bj.svg]
[pixinvent.com/demo/crypto-ico/theme-assets/fonts/flag-icon-css/flags/1x1/bj.svg]
[pixinvent.com/demo/crypto-ico/theme-assets/fonts/flag-icon-css/flags/4x3/bl.svg]
[pixinvent.com/demo/crypto-ico/theme-assets/fonts/flag-icon-css/flags/1x1/bl.svg]
[pixinvent.com/demo/crypto-ico/theme-assets/fonts/flag-icon-css/flags/4x3/bm.svg]
[pixinvent.com/demo/crypto-ico/theme-assets/fonts/flag-icon-css/flags/1x1/bm.svg]
[pixinvent.com/demo/crypto-ico/theme-assets/fonts/flag-icon-css/flags/4x3/bn.svg]
[pixinvent.com/demo/crypto-ico/theme-assets/fonts/flag-icon-css/flags/1x1/bn.svg]
[pixinvent.com/demo/crypto-ico/theme-assets/fonts/flag-icon-css/flags/4x3/bo.svg]
[pixinvent.com/demo/crypto-ico/theme-assets/fonts/flag-icon-css/flags/1x1/bo.svg]
[pixinvent.com/demo/crypto-ico/theme-assets/fonts/flag-icon-css/flags/4x3/bq.svg]
[pixinvent.com/demo/crypto-ico/theme-assets/fonts/flag-icon-css/flags/1x1/bq.svg]
[pixinvent.com/demo/crypto-ico/theme-assets/fonts/flag-icon-css/flags/4x3/br.svg]
[pixinvent.com/demo/crypto-ico/theme-assets/fonts/flag-icon-css/flags/1x1/br.svg]
[pixinvent.com/demo/crypto-ico/theme-assets/fonts/flag-icon-css/flags/4x3/bs.svg]
[pixinvent.com/demo/crypto-ico/theme-assets/fonts/flag-icon-css/flags/1x1/bs.svg]
[pixinvent.com/demo/crypto-ico/theme-assets/fonts/flag-icon-css/flags/4x3/bt.svg]
[pixinvent.com/demo/crypto-ico/theme-assets/fonts/flag-icon-css/flags/1x1/bt.svg]
[pixinvent.com/demo/crypto-ico/theme-assets/fonts/flag-icon-css/flags/4x3/bv.svg]
[pixinvent.com/demo/crypto-ico/theme-assets/fonts/flag-icon-css/flags/1x1/bv.svg]
[pixinvent.com/demo/crypto-ico/theme-assets/fonts/flag-icon-css/flags/4x3/bw.svg]
[pixinvent.com/demo/crypto-ico/theme-assets/fonts/flag-icon-css/flags/1x1/bw.svg]
[pixinvent.com/demo/crypto-ico/theme-assets/fonts/flag-icon-css/flags/4x3/by.svg]
[pixinvent.com/demo/crypto-ico/theme-assets/fonts/flag-icon-css/flags/1x1/by.svg]
[pixinvent.com/demo/crypto-ico/theme-assets/fonts/flag-icon-css/flags/4x3/bz.svg]
[pixinvent.com/demo/crypto-ico/theme-assets/fonts/flag-icon-css/flags/1x1/bz.svg]
[pixinvent.com/demo/crypto-ico/theme-assets/fonts/flag-icon-css/flags/4x3/ca.svg]
[pixinvent.com/demo/crypto-ico/theme-assets/fonts/flag-icon-css/flags/1x1/ca.svg]
[pixinvent.com/demo/crypto-ico/theme-assets/fonts/flag-icon-css/flags/4x3/cc.svg]
[pixinvent.com/demo/crypto-ico/theme-assets/fonts/flag-icon-css/flags/1x1/cc.svg]
[pixinvent.com/demo/crypto-ico/theme-assets/fonts/flag-icon-css/flags/4x3/cd.svg]
[pixinvent.com/demo/crypto-ico/theme-assets/fonts/flag-icon-css/flags/1x1/cd.svg]
[pixinvent.com/demo/crypto-ico/theme-assets/fonts/flag-icon-css/flags/4x3/cf.svg]
[pixinvent.com/demo/crypto-ico/theme-assets/fonts/flag-icon-css/flags/1x1/cf.svg]
[pixinvent.com/demo/crypto-ico/theme-assets/fonts/flag-icon-css/flags/4x3/cg.svg]
[pixinvent.com/demo/crypto-ico/theme-assets/fonts/flag-icon-css/flags/1x1/cg.svg]
[pixinvent.com/demo/crypto-ico/theme-assets/fonts/flag-icon-css/flags/4x3/ch.svg]
[pixinvent.com/demo/crypto-ico/theme-assets/fonts/flag-icon-css/flags/1x1/ch.svg]
[pixinvent.com/demo/crypto-ico/theme-assets/fonts/flag-icon-css/flags/4x3/ci.svg]
[pixinvent.com/demo/crypto-ico/theme-assets/fonts/flag-icon-css/flags/1x1/ci.svg]
[pixinvent.com/demo/crypto-ico/theme-assets/fonts/flag-icon-css/flags/4x3/ck.svg]
[pixinvent.com/demo/crypto-ico/theme-assets/fonts/flag-icon-css/flags/1x1/ck.svg]
[pixinvent.com/demo/crypto-ico/theme-assets/fonts/flag-icon-css/flags/4x3/cl.svg]
[pixinvent.com/demo/crypto-ico/theme-assets/fonts/flag-icon-css/flags/1x1/cl.svg]
[pixinvent.com/demo/crypto-ico/theme-assets/fonts/flag-icon-css/flags/4x3/cm.svg]
[pixinvent.com/demo/crypto-ico/theme-assets/fonts/flag-icon-css/flags/1x1/cm.svg]
[pixinvent.com/demo/crypto-ico/theme-assets/fonts/flag-icon-css/flags/4x3/cn.svg]
[pixinvent.com/demo/crypto-ico/theme-assets/fonts/flag-icon-css/flags/1x1/cn.svg]
[pixinvent.com/demo/crypto-ico/theme-assets/fonts/flag-icon-css/flags/4x3/co.svg]
[pixinvent.com/demo/crypto-ico/theme-assets/fonts/flag-icon-css/flags/1x1/co.svg]
[pixinvent.com/demo/crypto-ico/theme-assets/fonts/flag-icon-css/flags/4x3/cr.svg]
[pixinvent.com/demo/crypto-ico/theme-assets/fonts/flag-icon-css/flags/1x1/cr.svg]
[pixinvent.com/demo/crypto-ico/theme-assets/fonts/flag-icon-css/flags/4x3/cu.svg]
[pixinvent.com/demo/crypto-ico/theme-assets/fonts/flag-icon-css/flags/1x1/cu.svg]
[pixinvent.com/demo/crypto-ico/theme-assets/fonts/flag-icon-css/flags/4x3/cv.svg]
[pixinvent.com/demo/crypto-ico/theme-assets/fonts/flag-icon-css/flags/1x1/cv.svg]
[pixinvent.com/demo/crypto-ico/theme-assets/fonts/flag-icon-css/flags/4x3/cw.svg]
[pixinvent.com/demo/crypto-ico/theme-assets/fonts/flag-icon-css/flags/1x1/cw.svg]
[pixinvent.com/demo/crypto-ico/theme-assets/fonts/flag-icon-css/flags/4x3/cx.svg]
[pixinvent.com/demo/crypto-ico/theme-assets/fonts/flag-icon-css/flags/1x1/cx.svg]
[pixinvent.com/demo/crypto-ico/theme-assets/fonts/flag-icon-css/flags/4x3/cy.svg]
[pixinvent.com/demo/crypto-ico/theme-assets/fonts/flag-icon-css/flags/1x1/cy.svg]
[pixinvent.com/demo/crypto-ico/theme-assets/fonts/flag-icon-css/flags/4x3/cz.svg]
[pixinvent.com/demo/crypto-ico/theme-assets/fonts/flag-icon-css/flags/1x1/cz.svg]
[pixinvent.com/demo/crypto-ico/theme-assets/fonts/flag-icon-css/flags/4x3/de.svg]
[pixinvent.com/demo/crypto-ico/theme-assets/fonts/flag-icon-css/flags/1x1/de.svg]
[pixinvent.com/demo/crypto-ico/theme-assets/fonts/flag-icon-css/flags/4x3/dj.svg]
[pixinvent.com/demo/crypto-ico/theme-assets/fonts/flag-icon-css/flags/1x1/dj.svg]
[pixinvent.com/demo/crypto-ico/theme-assets/fonts/flag-icon-css/flags/4x3/dk.svg]
[pixinvent.com/demo/crypto-ico/theme-assets/fonts/flag-icon-css/flags/1x1/dk.svg]
[pixinvent.com/demo/crypto-ico/theme-assets/fonts/flag-icon-css/flags/4x3/dm.svg]
[pixinvent.com/demo/crypto-ico/theme-assets/fonts/flag-icon-css/flags/1x1/dm.svg]
[pixinvent.com/demo/crypto-ico/theme-assets/fonts/flag-icon-css/flags/4x3/do.svg]
[pixinvent.com/demo/crypto-ico/theme-assets/fonts/flag-icon-css/flags/1x1/do.svg]
[pixinvent.com/demo/crypto-ico/theme-assets/fonts/flag-icon-css/flags/4x3/dz.svg]
[pixinvent.com/demo/crypto-ico/theme-assets/fonts/flag-icon-css/flags/1x1/dz.svg]
[pixinvent.com/demo/crypto-ico/theme-assets/fonts/flag-icon-css/flags/4x3/ec.svg]
[pixinvent.com/demo/crypto-ico/theme-assets/fonts/flag-icon-css/flags/1x1/ec.svg]
[pixinvent.com/demo/crypto-ico/theme-assets/fonts/flag-icon-css/flags/4x3/ee.svg]
[pixinvent.com/demo/crypto-ico/theme-assets/fonts/flag-icon-css/flags/1x1/ee.svg]
[pixinvent.com/demo/crypto-ico/theme-assets/fonts/flag-icon-css/flags/4x3/eg.svg]
[pixinvent.com/demo/crypto-ico/theme-assets/fonts/flag-icon-css/flags/1x1/eg.svg]
[pixinvent.com/demo/crypto-ico/theme-assets/fonts/flag-icon-css/flags/4x3/eh.svg]
[pixinvent.com/demo/crypto-ico/theme-assets/fonts/flag-icon-css/flags/1x1/eh.svg]
[pixinvent.com/demo/crypto-ico/theme-assets/fonts/flag-icon-css/flags/4x3/er.svg]
[pixinvent.com/demo/crypto-ico/theme-assets/fonts/flag-icon-css/flags/1x1/er.svg]
[pixinvent.com/demo/crypto-ico/theme-assets/fonts/flag-icon-css/flags/4x3/es.svg]
[pixinvent.com/demo/crypto-ico/theme-assets/fonts/flag-icon-css/flags/1x1/es.svg]
[pixinvent.com/demo/crypto-ico/theme-assets/fonts/flag-icon-css/flags/4x3/et.svg]
[pixinvent.com/demo/crypto-ico/theme-assets/fonts/flag-icon-css/flags/1x1/et.svg]
[pixinvent.com/demo/crypto-ico/theme-assets/fonts/flag-icon-css/flags/4x3/fi.svg]
[pixinvent.com/demo/crypto-ico/theme-assets/fonts/flag-icon-css/flags/1x1/fi.svg]
[pixinvent.com/demo/crypto-ico/theme-assets/fonts/flag-icon-css/flags/4x3/fj.svg]
[pixinvent.com/demo/crypto-ico/theme-assets/fonts/flag-icon-css/flags/1x1/fj.svg]
[pixinvent.com/demo/crypto-ico/theme-assets/fonts/flag-icon-css/flags/4x3/fk.svg]
[pixinvent.com/demo/crypto-ico/theme-assets/fonts/flag-icon-css/flags/1x1/fk.svg]
[pixinvent.com/demo/crypto-ico/theme-assets/fonts/flag-icon-css/flags/4x3/fm.svg]
[pixinvent.com/demo/crypto-ico/theme-assets/fonts/flag-icon-css/flags/1x1/fm.svg]
[pixinvent.com/demo/crypto-ico/theme-assets/fonts/flag-icon-css/flags/4x3/fo.svg]
[pixinvent.com/demo/crypto-ico/theme-assets/fonts/flag-icon-css/flags/1x1/fo.svg]
[pixinvent.com/demo/crypto-ico/theme-assets/fonts/flag-icon-css/flags/4x3/fr.svg]
[pixinvent.com/demo/crypto-ico/theme-assets/fonts/flag-icon-css/flags/1x1/fr.svg]
[pixinvent.com/demo/crypto-ico/theme-assets/fonts/flag-icon-css/flags/4x3/ga.svg]
[pixinvent.com/demo/crypto-ico/theme-assets/fonts/flag-icon-css/flags/1x1/ga.svg]
[pixinvent.com/demo/crypto-ico/theme-assets/fonts/flag-icon-css/flags/4x3/gb.svg]
[pixinvent.com/demo/crypto-ico/theme-assets/fonts/flag-icon-css/flags/1x1/gb.svg]
[pixinvent.com/demo/crypto-ico/theme-assets/fonts/flag-icon-css/flags/4x3/gd.svg]
[pixinvent.com/demo/crypto-ico/theme-assets/fonts/flag-icon-css/flags/1x1/gd.svg]
[pixinvent.com/demo/crypto-ico/theme-assets/fonts/flag-icon-css/flags/4x3/ge.svg]
[pixinvent.com/demo/crypto-ico/theme-assets/fonts/flag-icon-css/flags/1x1/ge.svg]
[pixinvent.com/demo/crypto-ico/theme-assets/fonts/flag-icon-css/flags/4x3/gf.svg]
[pixinvent.com/demo/crypto-ico/theme-assets/fonts/flag-icon-css/flags/1x1/gf.svg]
[pixinvent.com/demo/crypto-ico/theme-assets/fonts/flag-icon-css/flags/4x3/gg.svg]
[pixinvent.com/demo/crypto-ico/theme-assets/fonts/flag-icon-css/flags/1x1/gg.svg]
[pixinvent.com/demo/crypto-ico/theme-assets/fonts/flag-icon-css/flags/4x3/gh.svg]
[pixinvent.com/demo/crypto-ico/theme-assets/fonts/flag-icon-css/flags/1x1/gh.svg]
[pixinvent.com/demo/crypto-ico/theme-assets/fonts/flag-icon-css/flags/4x3/gi.svg]
[pixinvent.com/demo/crypto-ico/theme-assets/fonts/flag-icon-css/flags/1x1/gi.svg]
[pixinvent.com/demo/crypto-ico/theme-assets/fonts/flag-icon-css/flags/4x3/gl.svg]
[pixinvent.com/demo/crypto-ico/theme-assets/fonts/flag-icon-css/flags/1x1/gl.svg]
[pixinvent.com/demo/crypto-ico/theme-assets/fonts/flag-icon-css/flags/4x3/gm.svg]
[pixinvent.com/demo/crypto-ico/theme-assets/fonts/flag-icon-css/flags/1x1/gm.svg]
[pixinvent.com/demo/crypto-ico/theme-assets/fonts/flag-icon-css/flags/4x3/gn.svg]
[pixinvent.com/demo/crypto-ico/theme-assets/fonts/flag-icon-css/flags/1x1/gn.svg]
[pixinvent.com/demo/crypto-ico/theme-assets/fonts/flag-icon-css/flags/4x3/gp.svg]
[pixinvent.com/demo/crypto-ico/theme-assets/fonts/flag-icon-css/flags/1x1/gp.svg]
[pixinvent.com/demo/crypto-ico/theme-assets/fonts/flag-icon-css/flags/4x3/gq.svg]
[pixinvent.com/demo/crypto-ico/theme-assets/fonts/flag-icon-css/flags/1x1/gq.svg]
[pixinvent.com/demo/crypto-ico/theme-assets/fonts/flag-icon-css/flags/4x3/gr.svg]
[pixinvent.com/demo/crypto-ico/theme-assets/fonts/flag-icon-css/flags/1x1/gr.svg]
[pixinvent.com/demo/crypto-ico/theme-assets/fonts/flag-icon-css/flags/4x3/gs.svg]
[pixinvent.com/demo/crypto-ico/theme-assets/fonts/flag-icon-css/flags/1x1/gs.svg]
[pixinvent.com/demo/crypto-ico/theme-assets/fonts/flag-icon-css/flags/4x3/gt.svg]
[pixinvent.com/demo/crypto-ico/theme-assets/fonts/flag-icon-css/flags/1x1/gt.svg]
[pixinvent.com/demo/crypto-ico/theme-assets/fonts/flag-icon-css/flags/4x3/gu.svg]
[pixinvent.com/demo/crypto-ico/theme-assets/fonts/flag-icon-css/flags/1x1/gu.svg]
[pixinvent.com/demo/crypto-ico/theme-assets/fonts/flag-icon-css/flags/4x3/gw.svg]
[pixinvent.com/demo/crypto-ico/theme-assets/fonts/flag-icon-css/flags/1x1/gw.svg]
[pixinvent.com/demo/crypto-ico/theme-assets/fonts/flag-icon-css/flags/4x3/gy.svg]
[pixinvent.com/demo/crypto-ico/theme-assets/fonts/flag-icon-css/flags/1x1/gy.svg]
[pixinvent.com/demo/crypto-ico/theme-assets/fonts/flag-icon-css/flags/4x3/hk.svg]
[pixinvent.com/demo/crypto-ico/theme-assets/fonts/flag-icon-css/flags/1x1/hk.svg]
[pixinvent.com/demo/crypto-ico/theme-assets/fonts/flag-icon-css/flags/4x3/hm.svg]
[pixinvent.com/demo/crypto-ico/theme-assets/fonts/flag-icon-css/flags/1x1/hm.svg]
[pixinvent.com/demo/crypto-ico/theme-assets/fonts/flag-icon-css/flags/4x3/hn.svg]
[pixinvent.com/demo/crypto-ico/theme-assets/fonts/flag-icon-css/flags/1x1/hn.svg]
[pixinvent.com/demo/crypto-ico/theme-assets/fonts/flag-icon-css/flags/4x3/hr.svg]
[pixinvent.com/demo/crypto-ico/theme-assets/fonts/flag-icon-css/flags/1x1/hr.svg]
[pixinvent.com/demo/crypto-ico/theme-assets/fonts/flag-icon-css/flags/4x3/ht.svg]
[pixinvent.com/demo/crypto-ico/theme-assets/fonts/flag-icon-css/flags/1x1/ht.svg]
[pixinvent.com/demo/crypto-ico/theme-assets/fonts/flag-icon-css/flags/4x3/hu.svg]
[pixinvent.com/demo/crypto-ico/theme-assets/fonts/flag-icon-css/flags/1x1/hu.svg]
[pixinvent.com/demo/crypto-ico/theme-assets/fonts/flag-icon-css/flags/4x3/id.svg]
[pixinvent.com/demo/crypto-ico/theme-assets/fonts/flag-icon-css/flags/1x1/id.svg]
[pixinvent.com/demo/crypto-ico/theme-assets/fonts/flag-icon-css/flags/4x3/ie.svg]
[pixinvent.com/demo/crypto-ico/theme-assets/fonts/flag-icon-css/flags/1x1/ie.svg]
[pixinvent.com/demo/crypto-ico/theme-assets/fonts/flag-icon-css/flags/4x3/il.svg]
[pixinvent.com/demo/crypto-ico/theme-assets/fonts/flag-icon-css/flags/1x1/il.svg]
[pixinvent.com/demo/crypto-ico/theme-assets/fonts/flag-icon-css/flags/4x3/im.svg]
[pixinvent.com/demo/crypto-ico/theme-assets/fonts/flag-icon-css/flags/1x1/im.svg]
[pixinvent.com/demo/crypto-ico/theme-assets/fonts/flag-icon-css/flags/4x3/in.svg]
[pixinvent.com/demo/crypto-ico/theme-assets/fonts/flag-icon-css/flags/1x1/in.svg]
[pixinvent.com/demo/crypto-ico/theme-assets/fonts/flag-icon-css/flags/4x3/io.svg]
[pixinvent.com/demo/crypto-ico/theme-assets/fonts/flag-icon-css/flags/1x1/io.svg]
[pixinvent.com/demo/crypto-ico/theme-assets/fonts/flag-icon-css/flags/4x3/iq.svg]
[pixinvent.com/demo/crypto-ico/theme-assets/fonts/flag-icon-css/flags/1x1/iq.svg]
[pixinvent.com/demo/crypto-ico/theme-assets/fonts/flag-icon-css/flags/4x3/ir.svg]
[pixinvent.com/demo/crypto-ico/theme-assets/fonts/flag-icon-css/flags/1x1/ir.svg]
[pixinvent.com/demo/crypto-ico/theme-assets/fonts/flag-icon-css/flags/4x3/is.svg]
[pixinvent.com/demo/crypto-ico/theme-assets/fonts/flag-icon-css/flags/1x1/is.svg]
[pixinvent.com/demo/crypto-ico/theme-assets/fonts/flag-icon-css/flags/4x3/it.svg]
[pixinvent.com/demo/crypto-ico/theme-assets/fonts/flag-icon-css/flags/1x1/it.svg]
[pixinvent.com/demo/crypto-ico/theme-assets/fonts/flag-icon-css/flags/4x3/je.svg]
[pixinvent.com/demo/crypto-ico/theme-assets/fonts/flag-icon-css/flags/1x1/je.svg]
[pixinvent.com/demo/crypto-ico/theme-assets/fonts/flag-icon-css/flags/4x3/jm.svg]
[pixinvent.com/demo/crypto-ico/theme-assets/fonts/flag-icon-css/flags/1x1/jm.svg]
[pixinvent.com/demo/crypto-ico/theme-assets/fonts/flag-icon-css/flags/4x3/jo.svg]
[pixinvent.com/demo/crypto-ico/theme-assets/fonts/flag-icon-css/flags/1x1/jo.svg]
[pixinvent.com/demo/crypto-ico/theme-assets/fonts/flag-icon-css/flags/4x3/jp.svg]
[pixinvent.com/demo/crypto-ico/theme-assets/fonts/flag-icon-css/flags/1x1/jp.svg]
[pixinvent.com/demo/crypto-ico/theme-assets/fonts/flag-icon-css/flags/4x3/ke.svg]
[pixinvent.com/demo/crypto-ico/theme-assets/fonts/flag-icon-css/flags/1x1/ke.svg]
[pixinvent.com/demo/crypto-ico/theme-assets/fonts/flag-icon-css/flags/4x3/kg.svg]
[pixinvent.com/demo/crypto-ico/theme-assets/fonts/flag-icon-css/flags/1x1/kg.svg]
[pixinvent.com/demo/crypto-ico/theme-assets/fonts/flag-icon-css/flags/4x3/kh.svg]
[pixinvent.com/demo/crypto-ico/theme-assets/fonts/flag-icon-css/flags/1x1/kh.svg]
[pixinvent.com/demo/crypto-ico/theme-assets/fonts/flag-icon-css/flags/4x3/ki.svg]
[pixinvent.com/demo/crypto-ico/theme-assets/fonts/flag-icon-css/flags/1x1/ki.svg]
[pixinvent.com/demo/crypto-ico/theme-assets/fonts/flag-icon-css/flags/4x3/km.svg]
[pixinvent.com/demo/crypto-ico/theme-assets/fonts/flag-icon-css/flags/1x1/km.svg]
[pixinvent.com/demo/crypto-ico/theme-assets/fonts/flag-icon-css/flags/4x3/kn.svg]
[pixinvent.com/demo/crypto-ico/theme-assets/fonts/flag-icon-css/flags/1x1/kn.svg]
[pixinvent.com/demo/crypto-ico/theme-assets/fonts/flag-icon-css/flags/4x3/kp.svg]
[pixinvent.com/demo/crypto-ico/theme-assets/fonts/flag-icon-css/flags/1x1/kp.svg]
[pixinvent.com/demo/crypto-ico/theme-assets/fonts/flag-icon-css/flags/4x3/kr.svg]
[pixinvent.com/demo/crypto-ico/theme-assets/fonts/flag-icon-css/flags/1x1/kr.svg]
[pixinvent.com/demo/crypto-ico/theme-assets/fonts/flag-icon-css/flags/4x3/kw.svg]
[pixinvent.com/demo/crypto-ico/theme-assets/fonts/flag-icon-css/flags/1x1/kw.svg]
[pixinvent.com/demo/crypto-ico/theme-assets/fonts/flag-icon-css/flags/4x3/ky.svg]
[pixinvent.com/demo/crypto-ico/theme-assets/fonts/flag-icon-css/flags/1x1/ky.svg]
[pixinvent.com/demo/crypto-ico/theme-assets/fonts/flag-icon-css/flags/4x3/kz.svg]
[pixinvent.com/demo/crypto-ico/theme-assets/fonts/flag-icon-css/flags/1x1/kz.svg]
[pixinvent.com/demo/crypto-ico/theme-assets/fonts/flag-icon-css/flags/4x3/la.svg]
[pixinvent.com/demo/crypto-ico/theme-assets/fonts/flag-icon-css/flags/1x1/la.svg]
[pixinvent.com/demo/crypto-ico/theme-assets/fonts/flag-icon-css/flags/4x3/lb.svg]
[pixinvent.com/demo/crypto-ico/theme-assets/fonts/flag-icon-css/flags/1x1/lb.svg]
[pixinvent.com/demo/crypto-ico/theme-assets/fonts/flag-icon-css/flags/4x3/lc.svg]
[pixinvent.com/demo/crypto-ico/theme-assets/fonts/flag-icon-css/flags/1x1/lc.svg]
[pixinvent.com/demo/crypto-ico/theme-assets/fonts/flag-icon-css/flags/4x3/li.svg]
[pixinvent.com/demo/crypto-ico/theme-assets/fonts/flag-icon-css/flags/1x1/li.svg]
[pixinvent.com/demo/crypto-ico/theme-assets/fonts/flag-icon-css/flags/4x3/lk.svg]
[pixinvent.com/demo/crypto-ico/theme-assets/fonts/flag-icon-css/flags/1x1/lk.svg]
[pixinvent.com/demo/crypto-ico/theme-assets/fonts/flag-icon-css/flags/4x3/lr.svg]
[pixinvent.com/demo/crypto-ico/theme-assets/fonts/flag-icon-css/flags/1x1/lr.svg]
[pixinvent.com/demo/crypto-ico/theme-assets/fonts/flag-icon-css/flags/4x3/ls.svg]
[pixinvent.com/demo/crypto-ico/theme-assets/fonts/flag-icon-css/flags/1x1/ls.svg]
[pixinvent.com/demo/crypto-ico/theme-assets/fonts/flag-icon-css/flags/4x3/lt.svg]
[pixinvent.com/demo/crypto-ico/theme-assets/fonts/flag-icon-css/flags/1x1/lt.svg]
[pixinvent.com/demo/crypto-ico/theme-assets/fonts/flag-icon-css/flags/4x3/lu.svg]
[pixinvent.com/demo/crypto-ico/theme-assets/fonts/flag-icon-css/flags/1x1/lu.svg]
[pixinvent.com/demo/crypto-ico/theme-assets/fonts/flag-icon-css/flags/4x3/lv.svg]
[pixinvent.com/demo/crypto-ico/theme-assets/fonts/flag-icon-css/flags/1x1/lv.svg]
[pixinvent.com/demo/crypto-ico/theme-assets/fonts/flag-icon-css/flags/4x3/ly.svg]
[pixinvent.com/demo/crypto-ico/theme-assets/fonts/flag-icon-css/flags/1x1/ly.svg]
[pixinvent.com/demo/crypto-ico/theme-assets/fonts/flag-icon-css/flags/4x3/ma.svg]
[pixinvent.com/demo/crypto-ico/theme-assets/fonts/flag-icon-css/flags/1x1/ma.svg]
[pixinvent.com/demo/crypto-ico/theme-assets/fonts/flag-icon-css/flags/4x3/mc.svg]
[pixinvent.com/demo/crypto-ico/theme-assets/fonts/flag-icon-css/flags/1x1/mc.svg]
[pixinvent.com/demo/crypto-ico/theme-assets/fonts/flag-icon-css/flags/4x3/md.svg]
[pixinvent.com/demo/crypto-ico/theme-assets/fonts/flag-icon-css/flags/1x1/md.svg]
[pixinvent.com/demo/crypto-ico/theme-assets/fonts/flag-icon-css/flags/4x3/me.svg]
[pixinvent.com/demo/crypto-ico/theme-assets/fonts/flag-icon-css/flags/1x1/me.svg]
[pixinvent.com/demo/crypto-ico/theme-assets/fonts/flag-icon-css/flags/4x3/mf.svg]
[pixinvent.com/demo/crypto-ico/theme-assets/fonts/flag-icon-css/flags/1x1/mf.svg]
[pixinvent.com/demo/crypto-ico/theme-assets/fonts/flag-icon-css/flags/4x3/mg.svg]
[pixinvent.com/demo/crypto-ico/theme-assets/fonts/flag-icon-css/flags/1x1/mg.svg]
[pixinvent.com/demo/crypto-ico/theme-assets/fonts/flag-icon-css/flags/4x3/mh.svg]
[pixinvent.com/demo/crypto-ico/theme-assets/fonts/flag-icon-css/flags/1x1/mh.svg]
[pixinvent.com/demo/crypto-ico/theme-assets/fonts/flag-icon-css/flags/4x3/mk.svg]
[pixinvent.com/demo/crypto-ico/theme-assets/fonts/flag-icon-css/flags/1x1/mk.svg]
[pixinvent.com/demo/crypto-ico/theme-assets/fonts/flag-icon-css/flags/4x3/ml.svg]
[pixinvent.com/demo/crypto-ico/theme-assets/fonts/flag-icon-css/flags/1x1/ml.svg]
[pixinvent.com/demo/crypto-ico/theme-assets/fonts/flag-icon-css/flags/4x3/mm.svg]
[pixinvent.com/demo/crypto-ico/theme-assets/fonts/flag-icon-css/flags/1x1/mm.svg]
[pixinvent.com/demo/crypto-ico/theme-assets/fonts/flag-icon-css/flags/4x3/mn.svg]
[pixinvent.com/demo/crypto-ico/theme-assets/fonts/flag-icon-css/flags/1x1/mn.svg]
[pixinvent.com/demo/crypto-ico/theme-assets/fonts/flag-icon-css/flags/4x3/mo.svg]
[pixinvent.com/demo/crypto-ico/theme-assets/fonts/flag-icon-css/flags/1x1/mo.svg]
[pixinvent.com/demo/crypto-ico/theme-assets/fonts/flag-icon-css/flags/4x3/mp.svg]
[pixinvent.com/demo/crypto-ico/theme-assets/fonts/flag-icon-css/flags/1x1/mp.svg]
[pixinvent.com/demo/crypto-ico/theme-assets/fonts/flag-icon-css/flags/4x3/mq.svg]
[pixinvent.com/demo/crypto-ico/theme-assets/fonts/flag-icon-css/flags/1x1/mq.svg]
[pixinvent.com/demo/crypto-ico/theme-assets/fonts/flag-icon-css/flags/4x3/mr.svg]
[pixinvent.com/demo/crypto-ico/theme-assets/fonts/flag-icon-css/flags/1x1/mr.svg]
[pixinvent.com/demo/crypto-ico/theme-assets/fonts/flag-icon-css/flags/4x3/ms.svg]
[pixinvent.com/demo/crypto-ico/theme-assets/fonts/flag-icon-css/flags/1x1/ms.svg]
[pixinvent.com/demo/crypto-ico/theme-assets/fonts/flag-icon-css/flags/4x3/mt.svg]
[pixinvent.com/demo/crypto-ico/theme-assets/fonts/flag-icon-css/flags/1x1/mt.svg]
[pixinvent.com/demo/crypto-ico/theme-assets/fonts/flag-icon-css/flags/4x3/mu.svg]
[pixinvent.com/demo/crypto-ico/theme-assets/fonts/flag-icon-css/flags/1x1/mu.svg]
[pixinvent.com/demo/crypto-ico/theme-assets/fonts/flag-icon-css/flags/4x3/mv.svg]
[pixinvent.com/demo/crypto-ico/theme-assets/fonts/flag-icon-css/flags/1x1/mv.svg]
[pixinvent.com/demo/crypto-ico/theme-assets/fonts/flag-icon-css/flags/4x3/mw.svg]
[pixinvent.com/demo/crypto-ico/theme-assets/fonts/flag-icon-css/flags/1x1/mw.svg]
[pixinvent.com/demo/crypto-ico/theme-assets/fonts/flag-icon-css/flags/4x3/mx.svg]
[pixinvent.com/demo/crypto-ico/theme-assets/fonts/flag-icon-css/flags/1x1/mx.svg]
[pixinvent.com/demo/crypto-ico/theme-assets/fonts/flag-icon-css/flags/4x3/my.svg]
[pixinvent.com/demo/crypto-ico/theme-assets/fonts/flag-icon-css/flags/1x1/my.svg]
[pixinvent.com/demo/crypto-ico/theme-assets/fonts/flag-icon-css/flags/4x3/mz.svg]
[pixinvent.com/demo/crypto-ico/theme-assets/fonts/flag-icon-css/flags/1x1/mz.svg]
[pixinvent.com/demo/crypto-ico/theme-assets/fonts/flag-icon-css/flags/4x3/na.svg]
[pixinvent.com/demo/crypto-ico/theme-assets/fonts/flag-icon-css/flags/1x1/na.svg]
[pixinvent.com/demo/crypto-ico/theme-assets/fonts/flag-icon-css/flags/4x3/nc.svg]
[pixinvent.com/demo/crypto-ico/theme-assets/fonts/flag-icon-css/flags/1x1/nc.svg]
[pixinvent.com/demo/crypto-ico/theme-assets/fonts/flag-icon-css/flags/4x3/ne.svg]
[pixinvent.com/demo/crypto-ico/theme-assets/fonts/flag-icon-css/flags/1x1/ne.svg]
[pixinvent.com/demo/crypto-ico/theme-assets/fonts/flag-icon-css/flags/4x3/nf.svg]
[pixinvent.com/demo/crypto-ico/theme-assets/fonts/flag-icon-css/flags/1x1/nf.svg]
[pixinvent.com/demo/crypto-ico/theme-assets/fonts/flag-icon-css/flags/4x3/ng.svg]
[pixinvent.com/demo/crypto-ico/theme-assets/fonts/flag-icon-css/flags/1x1/ng.svg]
[pixinvent.com/demo/crypto-ico/theme-assets/fonts/flag-icon-css/flags/4x3/ni.svg]
[pixinvent.com/demo/crypto-ico/theme-assets/fonts/flag-icon-css/flags/1x1/ni.svg]
[pixinvent.com/demo/crypto-ico/theme-assets/fonts/flag-icon-css/flags/4x3/nl.svg]
[pixinvent.com/demo/crypto-ico/theme-assets/fonts/flag-icon-css/flags/1x1/nl.svg]
[pixinvent.com/demo/crypto-ico/theme-assets/fonts/flag-icon-css/flags/4x3/no.svg]
[pixinvent.com/demo/crypto-ico/theme-assets/fonts/flag-icon-css/flags/1x1/no.svg]
[pixinvent.com/demo/crypto-ico/theme-assets/fonts/flag-icon-css/flags/4x3/np.svg]
[pixinvent.com/demo/crypto-ico/theme-assets/fonts/flag-icon-css/flags/1x1/np.svg]
[pixinvent.com/demo/crypto-ico/theme-assets/fonts/flag-icon-css/flags/4x3/nr.svg]
[pixinvent.com/demo/crypto-ico/theme-assets/fonts/flag-icon-css/flags/1x1/nr.svg]
[pixinvent.com/demo/crypto-ico/theme-assets/fonts/flag-icon-css/flags/4x3/nu.svg]
[pixinvent.com/demo/crypto-ico/theme-assets/fonts/flag-icon-css/flags/1x1/nu.svg]
[pixinvent.com/demo/crypto-ico/theme-assets/fonts/flag-icon-css/flags/4x3/nz.svg]
[pixinvent.com/demo/crypto-ico/theme-assets/fonts/flag-icon-css/flags/1x1/nz.svg]
[pixinvent.com/demo/crypto-ico/theme-assets/fonts/flag-icon-css/flags/4x3/om.svg]
[pixinvent.com/demo/crypto-ico/theme-assets/fonts/flag-icon-css/flags/1x1/om.svg]
[pixinvent.com/demo/crypto-ico/theme-assets/fonts/flag-icon-css/flags/4x3/pa.svg]
[pixinvent.com/demo/crypto-ico/theme-assets/fonts/flag-icon-css/flags/1x1/pa.svg]
[pixinvent.com/demo/crypto-ico/theme-assets/fonts/flag-icon-css/flags/4x3/pe.svg]
[pixinvent.com/demo/crypto-ico/theme-assets/fonts/flag-icon-css/flags/1x1/pe.svg]
[pixinvent.com/demo/crypto-ico/theme-assets/fonts/flag-icon-css/flags/4x3/pf.svg]
[pixinvent.com/demo/crypto-ico/theme-assets/fonts/flag-icon-css/flags/1x1/pf.svg]
[pixinvent.com/demo/crypto-ico/theme-assets/fonts/flag-icon-css/flags/4x3/pg.svg]
[pixinvent.com/demo/crypto-ico/theme-assets/fonts/flag-icon-css/flags/1x1/pg.svg]
[pixinvent.com/demo/crypto-ico/theme-assets/fonts/flag-icon-css/flags/4x3/ph.svg]
[pixinvent.com/demo/crypto-ico/theme-assets/fonts/flag-icon-css/flags/1x1/ph.svg]
[pixinvent.com/demo/crypto-ico/theme-assets/fonts/flag-icon-css/flags/4x3/pk.svg]
[pixinvent.com/demo/crypto-ico/theme-assets/fonts/flag-icon-css/flags/1x1/pk.svg]
[pixinvent.com/demo/crypto-ico/theme-assets/fonts/flag-icon-css/flags/4x3/pl.svg]
[pixinvent.com/demo/crypto-ico/theme-assets/fonts/flag-icon-css/flags/1x1/pl.svg]
[pixinvent.com/demo/crypto-ico/theme-assets/fonts/flag-icon-css/flags/4x3/pm.svg]
[pixinvent.com/demo/crypto-ico/theme-assets/fonts/flag-icon-css/flags/1x1/pm.svg]
[pixinvent.com/demo/crypto-ico/theme-assets/fonts/flag-icon-css/flags/4x3/pn.svg]
[pixinvent.com/demo/crypto-ico/theme-assets/fonts/flag-icon-css/flags/1x1/pn.svg]
[pixinvent.com/demo/crypto-ico/theme-assets/fonts/flag-icon-css/flags/4x3/pr.svg]
[pixinvent.com/demo/crypto-ico/theme-assets/fonts/flag-icon-css/flags/1x1/pr.svg]
[pixinvent.com/demo/crypto-ico/theme-assets/fonts/flag-icon-css/flags/4x3/ps.svg]
[pixinvent.com/demo/crypto-ico/theme-assets/fonts/flag-icon-css/flags/1x1/ps.svg]
[pixinvent.com/demo/crypto-ico/theme-assets/fonts/flag-icon-css/flags/4x3/pt.svg]
[pixinvent.com/demo/crypto-ico/theme-assets/fonts/flag-icon-css/flags/1x1/pt.svg]
[pixinvent.com/demo/crypto-ico/theme-assets/fonts/flag-icon-css/flags/4x3/pw.svg]
[pixinvent.com/demo/crypto-ico/theme-assets/fonts/flag-icon-css/flags/1x1/pw.svg]
[pixinvent.com/demo/crypto-ico/theme-assets/fonts/flag-icon-css/flags/1x1/py.svg]
[pixinvent.com/demo/crypto-ico/theme-assets/fonts/flag-icon-css/flags/4x3/qa.svg]
[pixinvent.com/demo/crypto-ico/theme-assets/fonts/flag-icon-css/flags/1x1/qa.svg]
[pixinvent.com/demo/crypto-ico/theme-assets/fonts/flag-icon-css/flags/4x3/re.svg]
[pixinvent.com/demo/crypto-ico/theme-assets/fonts/flag-icon-css/flags/1x1/re.svg]
[pixinvent.com/demo/crypto-ico/theme-assets/fonts/flag-icon-css/flags/4x3/ro.svg]
[pixinvent.com/demo/crypto-ico/theme-assets/fonts/flag-icon-css/flags/1x1/ro.svg]
[pixinvent.com/demo/crypto-ico/theme-assets/fonts/flag-icon-css/flags/4x3/rs.svg]
[pixinvent.com/demo/crypto-ico/theme-assets/fonts/flag-icon-css/flags/1x1/rs.svg]
[pixinvent.com/demo/crypto-ico/theme-assets/fonts/flag-icon-css/flags/4x3/ru.svg]
[pixinvent.com/demo/crypto-ico/theme-assets/fonts/flag-icon-css/flags/4x3/rw.svg]
[pixinvent.com/demo/crypto-ico/theme-assets/fonts/flag-icon-css/flags/1x1/rw.svg]
[pixinvent.com/demo/crypto-ico/theme-assets/fonts/flag-icon-css/flags/4x3/sa.svg]
[pixinvent.com/demo/crypto-ico/theme-assets/fonts/flag-icon-css/flags/1x1/sa.svg]
[pixinvent.com/demo/crypto-ico/theme-assets/fonts/flag-icon-css/flags/4x3/sb.svg]
[pixinvent.com/demo/crypto-ico/theme-assets/fonts/flag-icon-css/flags/1x1/sb.svg]
[pixinvent.com/demo/crypto-ico/theme-assets/fonts/flag-icon-css/flags/4x3/sc.svg]
[pixinvent.com/demo/crypto-ico/theme-assets/fonts/flag-icon-css/flags/1x1/sc.svg]
[pixinvent.com/demo/crypto-ico/theme-assets/fonts/flag-icon-css/flags/4x3/sd.svg]
[pixinvent.com/demo/crypto-ico/theme-assets/fonts/flag-icon-css/flags/1x1/sd.svg]
[pixinvent.com/demo/crypto-ico/theme-assets/fonts/flag-icon-css/flags/4x3/se.svg]
[pixinvent.com/demo/crypto-ico/theme-assets/fonts/flag-icon-css/flags/1x1/se.svg]
[pixinvent.com/demo/crypto-ico/theme-assets/fonts/flag-icon-css/flags/4x3/sg.svg]
[pixinvent.com/demo/crypto-ico/theme-assets/fonts/flag-icon-css/flags/1x1/sg.svg]
[pixinvent.com/demo/crypto-ico/theme-assets/fonts/flag-icon-css/flags/4x3/sh.svg]
[pixinvent.com/demo/crypto-ico/theme-assets/fonts/flag-icon-css/flags/1x1/sh.svg]
[pixinvent.com/demo/crypto-ico/theme-assets/fonts/flag-icon-css/flags/4x3/si.svg]
[pixinvent.com/demo/crypto-ico/theme-assets/fonts/flag-icon-css/flags/1x1/si.svg]
[pixinvent.com/demo/crypto-ico/theme-assets/fonts/flag-icon-css/flags/4x3/sj.svg]
[pixinvent.com/demo/crypto-ico/theme-assets/fonts/flag-icon-css/flags/1x1/sj.svg]
[pixinvent.com/demo/crypto-ico/theme-assets/fonts/flag-icon-css/flags/4x3/sk.svg]
[pixinvent.com/demo/crypto-ico/theme-assets/fonts/flag-icon-css/flags/1x1/sk.svg]
[pixinvent.com/demo/crypto-ico/theme-assets/fonts/flag-icon-css/flags/4x3/sl.svg]
[pixinvent.com/demo/crypto-ico/theme-assets/fonts/flag-icon-css/flags/1x1/sl.svg]
[pixinvent.com/demo/crypto-ico/theme-assets/fonts/flag-icon-css/flags/4x3/sm.svg]
[pixinvent.com/demo/crypto-ico/theme-assets/fonts/flag-icon-css/flags/1x1/sm.svg]
[pixinvent.com/demo/crypto-ico/theme-assets/fonts/flag-icon-css/flags/4x3/sn.svg]
[pixinvent.com/demo/crypto-ico/theme-assets/fonts/flag-icon-css/flags/1x1/sn.svg]
[pixinvent.com/demo/crypto-ico/theme-assets/fonts/flag-icon-css/flags/4x3/so.svg]
[pixinvent.com/demo/crypto-ico/theme-assets/fonts/flag-icon-css/flags/1x1/so.svg]
[pixinvent.com/demo/crypto-ico/theme-assets/fonts/flag-icon-css/flags/4x3/sr.svg]
[pixinvent.com/demo/crypto-ico/theme-assets/fonts/flag-icon-css/flags/1x1/sr.svg]
[pixinvent.com/demo/crypto-ico/theme-assets/fonts/flag-icon-css/flags/4x3/ss.svg]
[pixinvent.com/demo/crypto-ico/theme-assets/fonts/flag-icon-css/flags/1x1/ss.svg]
[pixinvent.com/demo/crypto-ico/theme-assets/fonts/flag-icon-css/flags/4x3/st.svg]
[pixinvent.com/demo/crypto-ico/theme-assets/fonts/flag-icon-css/flags/1x1/st.svg]
[pixinvent.com/demo/crypto-ico/theme-assets/fonts/flag-icon-css/flags/4x3/sv.svg]
[pixinvent.com/demo/crypto-ico/theme-assets/fonts/flag-icon-css/flags/1x1/sv.svg]
[pixinvent.com/demo/crypto-ico/theme-assets/fonts/flag-icon-css/flags/4x3/sx.svg]
[pixinvent.com/demo/crypto-ico/theme-assets/fonts/flag-icon-css/flags/1x1/sx.svg]
[pixinvent.com/demo/crypto-ico/theme-assets/fonts/flag-icon-css/flags/4x3/sy.svg]
[pixinvent.com/demo/crypto-ico/theme-assets/fonts/flag-icon-css/flags/1x1/sy.svg]
[pixinvent.com/demo/crypto-ico/theme-assets/fonts/flag-icon-css/flags/4x3/sz.svg]
[pixinvent.com/demo/crypto-ico/theme-assets/fonts/flag-icon-css/flags/1x1/sz.svg]
[pixinvent.com/demo/crypto-ico/theme-assets/fonts/flag-icon-css/flags/4x3/tc.svg]
[pixinvent.com/demo/crypto-ico/theme-assets/fonts/flag-icon-css/flags/1x1/tc.svg]
[pixinvent.com/demo/crypto-ico/theme-assets/fonts/flag-icon-css/flags/4x3/td.svg]
[pixinvent.com/demo/crypto-ico/theme-assets/fonts/flag-icon-css/flags/1x1/td.svg]
[pixinvent.com/demo/crypto-ico/theme-assets/fonts/flag-icon-css/flags/4x3/tf.svg]
[pixinvent.com/demo/crypto-ico/theme-assets/fonts/flag-icon-css/flags/1x1/tf.svg]
[pixinvent.com/demo/crypto-ico/theme-assets/fonts/flag-icon-css/flags/4x3/tg.svg]
[pixinvent.com/demo/crypto-ico/theme-assets/fonts/flag-icon-css/flags/1x1/tg.svg]
[pixinvent.com/demo/crypto-ico/theme-assets/fonts/flag-icon-css/flags/4x3/th.svg]
[pixinvent.com/demo/crypto-ico/theme-assets/fonts/flag-icon-css/flags/1x1/th.svg]
[pixinvent.com/demo/crypto-ico/theme-assets/fonts/flag-icon-css/flags/4x3/tj.svg]
[pixinvent.com/demo/crypto-ico/theme-assets/fonts/flag-icon-css/flags/1x1/tj.svg]
[pixinvent.com/demo/crypto-ico/theme-assets/fonts/flag-icon-css/flags/4x3/tk.svg]
[pixinvent.com/demo/crypto-ico/theme-assets/fonts/flag-icon-css/flags/1x1/tk.svg]
[pixinvent.com/demo/crypto-ico/theme-assets/fonts/flag-icon-css/flags/4x3/tl.svg]
[pixinvent.com/demo/crypto-ico/theme-assets/fonts/flag-icon-css/flags/1x1/tl.svg]
[pixinvent.com/demo/crypto-ico/theme-assets/fonts/flag-icon-css/flags/4x3/tm.svg]
[pixinvent.com/demo/crypto-ico/theme-assets/fonts/flag-icon-css/flags/1x1/tm.svg]
[pixinvent.com/demo/crypto-ico/theme-assets/fonts/flag-icon-css/flags/4x3/tn.svg]
[pixinvent.com/demo/crypto-ico/theme-assets/fonts/flag-icon-css/flags/1x1/tn.svg]
[pixinvent.com/demo/crypto-ico/theme-assets/fonts/flag-icon-css/flags/4x3/to.svg]
[pixinvent.com/demo/crypto-ico/theme-assets/fonts/flag-icon-css/flags/1x1/to.svg]
[pixinvent.com/demo/crypto-ico/theme-assets/fonts/flag-icon-css/flags/4x3/tr.svg]
[pixinvent.com/demo/crypto-ico/theme-assets/fonts/flag-icon-css/flags/1x1/tr.svg]
[pixinvent.com/demo/crypto-ico/theme-assets/fonts/flag-icon-css/flags/4x3/tt.svg]
[pixinvent.com/demo/crypto-ico/theme-assets/fonts/flag-icon-css/flags/1x1/tt.svg]
[pixinvent.com/demo/crypto-ico/theme-assets/fonts/flag-icon-css/flags/4x3/tv.svg]
[pixinvent.com/demo/crypto-ico/theme-assets/fonts/flag-icon-css/flags/1x1/tv.svg]
[pixinvent.com/demo/crypto-ico/theme-assets/fonts/flag-icon-css/flags/4x3/tw.svg]
[pixinvent.com/demo/crypto-ico/theme-assets/fonts/flag-icon-css/flags/1x1/tw.svg]
[pixinvent.com/demo/crypto-ico/theme-assets/fonts/flag-icon-css/flags/4x3/tz.svg]
[pixinvent.com/demo/crypto-ico/theme-assets/fonts/flag-icon-css/flags/1x1/tz.svg]
[pixinvent.com/demo/crypto-ico/theme-assets/fonts/flag-icon-css/flags/4x3/ua.svg]
[pixinvent.com/demo/crypto-ico/theme-assets/fonts/flag-icon-css/flags/1x1/ua.svg]
[pixinvent.com/demo/crypto-ico/theme-assets/fonts/flag-icon-css/flags/4x3/ug.svg]
[pixinvent.com/demo/crypto-ico/theme-assets/fonts/flag-icon-css/flags/1x1/ug.svg]
[pixinvent.com/demo/crypto-ico/theme-assets/fonts/flag-icon-css/flags/4x3/um.svg]
[pixinvent.com/demo/crypto-ico/theme-assets/fonts/flag-icon-css/flags/1x1/um.svg]
[pixinvent.com/demo/crypto-ico/theme-assets/fonts/flag-icon-css/flags/4x3/us.svg]
[pixinvent.com/demo/crypto-ico/theme-assets/fonts/flag-icon-css/flags/1x1/us.svg]
[pixinvent.com/demo/crypto-ico/theme-assets/fonts/flag-icon-css/flags/4x3/uy.svg]
[pixinvent.com/demo/crypto-ico/theme-assets/fonts/flag-icon-css/flags/1x1/uy.svg]
[pixinvent.com/demo/crypto-ico/theme-assets/fonts/flag-icon-css/flags/4x3/uz.svg]
[pixinvent.com/demo/crypto-ico/theme-assets/fonts/flag-icon-css/flags/1x1/uz.svg]
[pixinvent.com/demo/crypto-ico/theme-assets/fonts/flag-icon-css/flags/4x3/va.svg]
[pixinvent.com/demo/crypto-ico/theme-assets/fonts/flag-icon-css/flags/1x1/va.svg]
[pixinvent.com/demo/crypto-ico/theme-assets/fonts/flag-icon-css/flags/4x3/vc.svg]
[pixinvent.com/demo/crypto-ico/theme-assets/fonts/flag-icon-css/flags/1x1/vc.svg]
[pixinvent.com/demo/crypto-ico/theme-assets/fonts/flag-icon-css/flags/4x3/ve.svg]
[pixinvent.com/demo/crypto-ico/theme-assets/fonts/flag-icon-css/flags/1x1/ve.svg]
[pixinvent.com/demo/crypto-ico/theme-assets/fonts/flag-icon-css/flags/4x3/vg.svg]
[pixinvent.com/demo/crypto-ico/theme-assets/fonts/flag-icon-css/flags/1x1/vg.svg]
[pixinvent.com/demo/crypto-ico/theme-assets/fonts/flag-icon-css/flags/4x3/vi.svg]
[pixinvent.com/demo/crypto-ico/theme-assets/fonts/flag-icon-css/flags/1x1/vi.svg]
[pixinvent.com/demo/crypto-ico/theme-assets/fonts/flag-icon-css/flags/4x3/vn.svg]
[pixinvent.com/demo/crypto-ico/theme-assets/fonts/flag-icon-css/flags/1x1/vn.svg]
[pixinvent.com/demo/crypto-ico/theme-assets/fonts/flag-icon-css/flags/4x3/vu.svg]
[pixinvent.com/demo/crypto-ico/theme-assets/fonts/flag-icon-css/flags/1x1/vu.svg]
[pixinvent.com/demo/crypto-ico/theme-assets/fonts/flag-icon-css/flags/4x3/wf.svg]
[pixinvent.com/demo/crypto-ico/theme-assets/fonts/flag-icon-css/flags/1x1/wf.svg]
[pixinvent.com/demo/crypto-ico/theme-assets/fonts/flag-icon-css/flags/4x3/ws.svg]
[pixinvent.com/demo/crypto-ico/theme-assets/fonts/flag-icon-css/flags/1x1/ws.svg]
[pixinvent.com/demo/crypto-ico/theme-assets/fonts/flag-icon-css/flags/4x3/ye.svg]
[pixinvent.com/demo/crypto-ico/theme-assets/fonts/flag-icon-css/flags/1x1/ye.svg]
[pixinvent.com/demo/crypto-ico/theme-assets/fonts/flag-icon-css/flags/4x3/yt.svg]
[pixinvent.com/demo/crypto-ico/theme-assets/fonts/flag-icon-css/flags/1x1/yt.svg]
[pixinvent.com/demo/crypto-ico/theme-assets/fonts/flag-icon-css/flags/4x3/za.svg]
[pixinvent.com/demo/crypto-ico/theme-assets/fonts/flag-icon-css/flags/1x1/za.svg]
[pixinvent.com/demo/crypto-ico/theme-assets/fonts/flag-icon-css/flags/4x3/zm.svg]
[pixinvent.com/demo/crypto-ico/theme-assets/fonts/flag-icon-css/flags/1x1/zm.svg]
[pixinvent.com/demo/crypto-ico/theme-assets/fonts/flag-icon-css/flags/4x3/zw.svg]
[pixinvent.com/demo/crypto-ico/theme-assets/fonts/flag-icon-css/flags/1x1/zw.svg]
[pixinvent.com/demo/crypto-ico/theme-assets/fonts/flag-icon-css/flags/4x3/eu.svg]
[pixinvent.com/demo/crypto-ico/theme-assets/fonts/flag-icon-css/flags/1x1/eu.svg]
[pixinvent.com/demo/crypto-ico/theme-assets/fonts/flag-icon-css/flags/4x3/gb-eng.svg]
[pixinvent.com/demo/crypto-ico/theme-assets/fonts/flag-icon-css/flags/1x1/gb-eng.svg]
[pixinvent.com/demo/crypto-ico/theme-assets/fonts/flag-icon-css/flags/4x3/gb-sct.svg]
[pixinvent.com/demo/crypto-ico/theme-assets/fonts/flag-icon-css/flags/1x1/gb-sct.svg]
[pixinvent.com/demo/crypto-ico/theme-assets/fonts/flag-icon-css/flags/4x3/gb-wls.svg]
[pixinvent.com/demo/crypto-ico/theme-assets/fonts/flag-icon-css/flags/1x1/gb-wls.svg]
[pixinvent.com/demo/crypto-ico/theme-assets/fonts/flag-icon-css/flags/1x1/ru.svg]
[pixinvent.com/demo/crypto-ico/theme-assets/fonts/flag-icon-css/flags/4x3/py.svg]
[pixinvent.com/demo/crypto-ico/theme-assets/fonts/flag-icon-css/flags/4x3/py.svg]
[pixinvent.com/demo/crypto-ico/theme-assets/fonts/flag-icon-css/flags/1x1/ru.svg]
